Component: ARM Compiler 5.06 update 2 (build 183) Tool: armlink [4d35b7]

==============================================================================

Section Cross References

    main.o(i.detected_key) refers to key.o(i.KEY_Scan) for KEY_Scan
    main.o(i.detected_key) refers to main.o(.data) for .data
    main.o(i.detected_key) refers to main.o(.bss) for .bss
    main.o(i.getRandon) refers to rand.o(.emb_text) for rand
    main.o(i.init_snake) refers to main.o(.bss) for .bss
    main.o(i.init_snake) refers to main.o(.data) for .data
    main.o(i.is_ated_food) refers to main.o(.bss) for .bss
    main.o(i.is_ated_food) refers to main.o(.data) for .data
    main.o(i.is_hit_body) refers to main.o(.bss) for .bss
    main.o(i.is_hit_boundary) refers to main.o(.bss) for .bss
    main.o(i.main) refers to sys.o(i.Stm32_Clock_Init) for Stm32_Clock_Init
    main.o(i.main) refers to delay.o(i.delay_init) for delay_init
    main.o(i.main) refers to usart.o(i.uart_init) for uart_init
    main.o(i.main) refers to led.o(i.LED_Init) for LED_Init
    main.o(i.main) refers to key.o(i.KEY_Init) for KEY_Init
    main.o(i.main) refers to sdram.o(i.SDRAM_Init) for SDRAM_Init
    main.o(i.main) refers to lcd.o(i.LCD_Init) for LCD_Init
    main.o(i.main) refers to main.o(i.init_snake) for init_snake
    main.o(i.main) refers to rand.o(.text) for srand
    main.o(i.main) refers to lcd.o(i.LCD_Clear) for LCD_Clear
    main.o(i.main) refers to key.o(i.KEY_Scan) for KEY_Scan
    main.o(i.main) refers to lcd.o(i.LCD_ShowString) for LCD_ShowString
    main.o(i.main) refers to delay.o(i.delay_ms) for delay_ms
    main.o(i.main) refers to main.o(i.detected_key) for detected_key
    main.o(i.main) refers to main.o(i.refresh) for refresh
    main.o(i.main) refers to main.o(i.move) for move
    main.o(i.main) refers to main.o(i.victory) for victory
    main.o(i.main) refers to main.o(.data) for .data
    main.o(i.main) refers to main.o(.bss) for .bss
    main.o(i.move) refers to main.o(i.is_hit_boundary) for is_hit_boundary
    main.o(i.move) refers to main.o(i.is_hit_body) for is_hit_body
    main.o(i.move) refers to main.o(i.is_ated_food) for is_ated_food
    main.o(i.move) refers to main.o(i.update_food) for update_food
    main.o(i.move) refers to main.o(i.update_position) for update_position
    main.o(i.move) refers to main.o(.bss) for .bss
    main.o(i.move) refers to main.o(.data) for .data
    main.o(i.paint_body) refers to lcd.o(i.LCD_DrawRectangle) for LCD_DrawRectangle
    main.o(i.paint_food) refers to lcd.o(i.LCD_DrawRectangle) for LCD_DrawRectangle
    main.o(i.paint_food) refers to main.o(.data) for .data
    main.o(i.paint_head) refers to lcd.o(i.LCD_DrawRectangle) for LCD_DrawRectangle
    main.o(i.paint_map) refers to lcd.o(i.LCD_DrawRectangle) for LCD_DrawRectangle
    main.o(i.paint_menu) refers to _printf_percent.o(.ARM.Collect$$_printf_percent$$00000000) for _printf_percent
    main.o(i.paint_menu) refers to _printf_d.o(.ARM.Collect$$_printf_percent$$00000009) for _printf_d
    main.o(i.paint_menu) refers to _printf_dec.o(.text) for _printf_int_dec
    main.o(i.paint_menu) refers to noretval__2sprintf.o(.text) for __2sprintf
    main.o(i.paint_menu) refers to lcd.o(i.LCD_ShowString) for LCD_ShowString
    main.o(i.paint_menu) refers to main.o(.bss) for .bss
    main.o(i.paint_menu) refers to main.o(.data) for .data
    main.o(i.refresh) refers to lcd.o(i.LCD_Clear) for LCD_Clear
    main.o(i.refresh) refers to main.o(i.paint_map) for paint_map
    main.o(i.refresh) refers to main.o(i.paint_head) for paint_head
    main.o(i.refresh) refers to main.o(i.paint_body) for paint_body
    main.o(i.refresh) refers to main.o(i.paint_food) for paint_food
    main.o(i.refresh) refers to main.o(i.paint_menu) for paint_menu
    main.o(i.refresh) refers to main.o(.bss) for .bss
    main.o(i.update_food) refers to main.o(i.getRandon) for getRandon
    main.o(i.update_food) refers to main.o(.data) for .data
    main.o(i.update_position) refers to main.o(.bss) for .bss
    main.o(i.victory) refers to lcd.o(i.LCD_Clear) for LCD_Clear
    main.o(i.victory) refers to key.o(i.KEY_Scan) for KEY_Scan
    main.o(i.victory) refers to lcd.o(i.LCD_ShowString) for LCD_ShowString
    main.o(i.victory) refers to delay.o(i.delay_ms) for delay_ms
    main.o(i.victory) refers to main.o(.data) for .data
    stm32f4xx_it.o(i.SysTick_Handler) refers to stm32f4xx_hal.o(i.HAL_IncTick) for HAL_IncTick
    system_stm32f4xx.o(i.SystemCoreClockUpdate) refers to system_stm32f4xx.o(.data) for .data
    startup_stm32f429xx.o(STACK) refers (Special) to heapauxi.o(.text) for __use_two_region_memory
    startup_stm32f429xx.o(HEAP) refers (Special) to heapauxi.o(.text) for __use_two_region_memory
    startup_stm32f429xx.o(RESET) refers (Special) to heapauxi.o(.text) for __use_two_region_memory
    startup_stm32f429xx.o(RESET) refers to startup_stm32f429xx.o(STACK) for __initial_sp
[...]
    ..\\HALLIB\\STM32F4xx_HAL_Driver\\Src\\stm32f4xx_ll_fmc.c 0x00000000   Number         0  stm32f4xx_ll_fmc.o ABSOLUTE
    ..\\HARDWARE\\KEY\\key.c                 0x00000000   Number         0  key.o ABSOLUTE
    ..\\HARDWARE\\LCD\\lcd.c                 0x00000000   Number         0  lcd.o ABSOLUTE
    ..\\HARDWARE\\LCD\\ltdc.c                0x00000000   Number         0  ltdc.o ABSOLUTE
    ..\\HARDWARE\\LED\\led.c                 0x00000000   Number         0  led.o ABSOLUTE
    ..\\HARDWARE\\SDRAM\\sdram.c             0x00000000   Number         0  sdram.o ABSOLUTE
    ..\\SYSTEM\\delay\\delay.c               0x00000000   Number         0  delay.o ABSOLUTE
    ..\\SYSTEM\\sys\\sys.c                   0x00000000   Number         0  sys.o ABSOLUTE
    ..\\SYSTEM\\usart\\usart.c               0x00000000   Number         0  usart.o ABSOLUTE
    dc.s                                     0x00000000   Number         0  dc.o ABSOLUTE
    main.c                                   0x00000000   Number         0  main.o ABSOLUTE
    main.c                                   0x00000000   Number         0  main.o ABSOLUTE
    stm32f4xx_it.c                           0x00000000   Number         0  stm32f4xx_it.o ABSOLUTE
    stm32f4xx_it.c                           0x00000000   Number         0  stm32f4xx_it.o ABSOLUTE
    system_stm32f4xx.c                       0x00000000   Number         0  system_stm32f4xx.o ABSOLUTE
    system_stm32f4xx.c                       0x00000000   Number         0  system_stm32f4xx.o ABSOLUTE
    RESET                                    0x08000000   Section      428  startup_stm32f429xx.o(RESET)
    !!!main                                  0x080001ac   Section        8  __main.o(!!!main)
    !!!scatter                               0x080001b4   Section       52  __scatter.o(!!!scatter)
    !!handler_copy                           0x080001e8   Section       26  __scatter_copy.o(!!handler_copy)
    !!handler_zi                             0x08000204   Section       28  __scatter_zi.o(!!handler_zi)
    .ARM.Collect$$_printf_percent$$00000000  0x08000220   Section        0  _printf_percent.o(.ARM.Collect$$_printf_percent$$00000000)
    .ARM.Collect$$_printf_percent$$00000009  0x08000220   Section        6  _printf_d.o(.ARM.Collect$$_printf_percent$$00000009)
    .ARM.Collect$$_printf_percent$$0000000C  0x08000226   Section        6  _printf_x.o(.ARM.Collect$$_printf_percent$$0000000C)
    .ARM.Collect$$_printf_percent$$00000017  0x0800022c   Section        4  _printf_percent_end.o(.ARM.Collect$$_printf_percent$$00000017)
    .ARM.Collect$$libinit$$00000000          0x08000230   Section        2  libinit.o(.ARM.Collect$$libinit$$00000000)
    .ARM.Collect$$libinit$$00000001          0x08000232   Section        4  libinit2.o(.ARM.Collect$$libinit$$00000001)
    .ARM.Collect$$libinit$$00000004          0x08000236   Section        0  libinit2.o(.ARM.Collect$$libinit$$00000004)
    .ARM.Collect$$libinit$$0000000A          0x08000236   Section        0  libinit2.o(.ARM.Collect$$libinit$$0000000A)
    .ARM.Collect$$libinit$$0000000C          0x08000236   Section        0  libinit2.o(.ARM.Collect$$libinit$$0000000C)
    .ARM.Collect$$libinit$$0000000D          0x08000236   Section        4  libinit2.o(.ARM.Collect$$libinit$$0000000D)
    .ARM.Collect$$libinit$$0000000E          0x0800023a   Section        0  libinit2.o(.ARM.Collect$$libinit$$0000000E)
    .ARM.Collect$$libinit$$00000011          0x0800023a   Section        0  libinit2.o(.ARM.Collect$$libinit$$00000011)
    .ARM.Collect$$libinit$$00000013          0x0800023a   Section        0  libinit2.o(.ARM.Collect$$libinit$$00000013)
    .ARM.Collect$$libinit$$00000015          0x0800023a   Section        0  libinit2.o(.ARM.Collect$$libinit$$00000015)
    .ARM.Collect$$libinit$$00000017          0x0800023a   Section        0  libinit2.o(.ARM.Collect$$libinit$$00000017)
    .ARM.Collect$$libinit$$00000019          0x0800023a   Section        0  libinit2.o(.ARM.Collect$$libinit$$00000019)
    .ARM.Collect$$libinit$$0000001B          0x0800023a   Section        0  libinit2.o(.ARM.Collect$$libinit$$0000001B)
    .ARM.Collect$$libinit$$0000001D          0x0800023a   Section        0  libinit2.o(.ARM.Collect$$libinit$$0000001D)
    .ARM.Collect$$libinit$$0000001F          0x0800023a   Section        0  libinit2.o(.ARM.Collect$$libinit$$0000001F)
    .ARM.Collect$$libinit$$00000021          0x0800023a   Section        0  libinit2.o(.ARM.Collect$$libinit$$00000021)
    .ARM.Collect$$libinit$$00000023          0x0800023a   Section        0  libinit2.o(.ARM.Collect$$libinit$$00000023)
    .ARM.Collect$$libinit$$00000025          0x0800023a   Section        0  libinit2.o(.ARM.Collect$$libinit$$00000025)
    .ARM.Collect$$libinit$$0000002C          0x0800023a   Section        0  libinit2.o(.ARM.Collect$$libinit$$0000002C)
    .ARM.Collect$$libinit$$0000002E          0x0800023a   Section        0  libinit2.o(.ARM.Collect$$libinit$$0000002E)
    .ARM.Collect$$libinit$$00000030          0x0800023a   Section        0  libinit2.o(.ARM.Collect$$libinit$$00000030)
    .ARM.Collect$$libinit$$00000032          0x0800023a   Section        0  libinit2.o(.ARM.Collect$$libinit$$00000032)
    .ARM.Collect$$libinit$$00000033          0x0800023a   Section        2  libinit2.o(.ARM.Collect$$libinit$$00000033)
    .ARM.Collect$$libshutdown$$00000000      0x0800023c   Section        2  libshutdown.o(.ARM.Collect$$libshutdown$$00000000)
    .ARM.Collect$$libshutdown$$00000002      0x0800023e   Section        0  libshutdown2.o(.ARM.Collect$$libshutdown$$00000002)
    .ARM.Collect$$libshutdown$$00000004      0x0800023e   Section        0  libshutdown2.o(.ARM.Collect$$libshutdown$$00000004)
    .ARM.Collect$$libshutdown$$00000007      0x0800023e   Section        0  libshutdown2.o(.ARM.Collect$$libshutdown$$00000007)
    .ARM.Collect$$libshutdown$$0000000A      0x0800023e   Section        0  libshutdown2.o(.ARM.Collect$$libshutdown$$0000000A)
    .ARM.Collect$$libshutdown$$0000000C      0x0800023e   Section        0  libshutdown2.o(.ARM.Collect$$libshutdown$$0000000C)
    .ARM.Collect$$libshutdown$$0000000F      0x0800023e   Section        0  libshutdown2.o(.ARM.Collect$$libshutdown$$0000000F)
    .ARM.Collect$$libshutdown$$00000010      0x0800023e   Section        2  libshutdown2.o(.ARM.Collect$$libshutdown$$00000010)
    .ARM.Collect$$rtentry$$00000000          0x08000240   Section        0  __rtentry.o(.ARM.Collect$$rtentry$$00000000)
    .ARM.Collect$$rtentry$$00000002          0x08000240   Section        0  __rtentry2.o(.ARM.Collect$$rtentry$$00000002)
    .ARM.Collect$$rtentry$$00000004          0x08000240   Section        6  __rtentry4.o(.ARM.Collect$$rtentry$$00000004)
    .ARM.Collect$$rtentry$$00000009          0x08000246   Section        0  __rtentry2.o(.ARM.Collect$$rtentry$$00000009)
    .ARM.Collect$$rtentry$$0000000A          0x08000246   Section        4  __rtentry2.o(.ARM.Collect$$rtentry$$0000000A)
    .ARM.Collect$$rtentry$$0000000C          0x0800024a   Section        0  __rtentry2.o(.ARM.Collect$$rtentry$$0000000C)
    .ARM.Collect$$rtentry$$0000000D          0x0800024a   Section        8  __rtentry2.o(.ARM.Collect$$rtentry$$0000000D)
    .ARM.Collect$$rtexit$$00000000           0x08000252   Section        2  rtexit.o(.ARM.Collect$$rtexit$$00000000)
    .ARM.Collect$$rtexit$$00000002           0x08000254   Section        0  rtexit2.o(.ARM.Collect$$rtexit$$00000002)
    .ARM.Collect$$rtexit$$00000003           0x08000254   Section        4  rtexit2.o(.ARM.Collect$$rtexit$$00000003)
    .ARM.Collect$$rtexit$$00000004           0x08000258   Section        6  rtexit2.o(.ARM.Collect$$rtexit$$00000004)
    .emb_text                                0x08000260   Section       52  rand.o(.emb_text)
    .text                                    0x08000294   Section       64  startup_stm32f429xx.o(.text)
    $v0                                      0x08000294   Number         0  startup_stm32f429xx.o(.text)
    .text                                    0x080002d4   Section        2  use_no_semi_2.o(.text)
    .text                                    0x080002d8   Section        0  noretval__2printf.o(.text)
    .text                                    0x080002f0   Section        0  noretval__2sprintf.o(.text)
    .text                                    0x08000318   Section        0  __printf.o(.text)
    .text                                    0x08000380   Section        0  _printf_dec.o(.text)
    .text                                    0x080003f8   Section        0  _printf_hex_int.o(.text)
    .text                                    0x08000450   Section        0  rand.o(.text)
    .text                                    0x0800048c   Section      100  rt_memcpy_w.o(.text)
    .text                                    0x080004f0   Section        0  heapauxi.o(.text)
    .text                                    0x080004f6   Section        2  use_no_semi.o(.text)
    .text                                    0x080004f8   Section        0  _printf_intcommon.o(.text)
    .text                                    0x080005ac   Section        0  _printf_char_common.o(.text)
    _printf_input_char                       0x080005ad   Thumb Code    10  _printf_char_common.o(.text)
    .text                                    0x080005dc   Section        0  _sputc.o(.text)
    .text                                    0x080005e8   Section        0  _printf_char_file.o(.text)
    .text                                    0x0800060c   Section        0  ferror.o(.text)
    .text                                    0x08000614   Section       74  sys_stackheap_outer.o(.text)
    .text                                    0x0800065e   Section        0  exit.o(.text)
    .text                                    0x08000670   Section        8  libspace.o(.text)
    i.BusFault_Handler                       0x08000678   Section        0  stm32f4xx_it.o(i.BusFault_Handler)
    i.DebugMon_Handler                       0x0800067a   Section        0  stm32f4xx_it.o(i.DebugMon_Handler)
    i.FMC_NORSRAM_Extended_Timing_Init       0x0800067c   Section        0  stm32f4xx_ll_fmc.o(i.FMC_NORSRAM_Extended_Timing_Init)
    i.FMC_NORSRAM_Init                       0x080006bc   Section        0  stm32f4xx_ll_fmc.o(i.FMC_NORSRAM_Init)
    i.FMC_NORSRAM_Timing_Init                0x08000734   Section        0  stm32f4xx_ll_fmc.o(i.FMC_NORSRAM_Timing_Init)
    i.FMC_SDRAM_Init                         0x08000790   Section        0  stm32f4xx_ll_fmc.o(i.FMC_SDRAM_Init)
    i.FMC_SDRAM_ProgramRefreshRate           0x080007dc   Section        0  stm32f4xx_ll_fmc.o(i.FMC_SDRAM_ProgramRefreshRate)
    i.FMC_SDRAM_SendCommand                  0x080007e8   Section        0  stm32f4xx_ll_fmc.o(i.FMC_SDRAM_SendCommand)
    i.FMC_SDRAM_Timing_Init                  0x08000830   Section        0  stm32f4xx_ll_fmc.o(i.FMC_SDRAM_Timing_Init)
    i.HAL_GPIO_Init                          0x080008ac   Section        0  stm32f4xx_hal_gpio.o(i.HAL_GPIO_Init)
    i.HAL_GPIO_ReadPin                       0x08000a88   Section        0  stm32f4xx_hal_gpio.o(i.HAL_GPIO_ReadPin)
    i.HAL_GPIO_WritePin                      0x08000a92   Section        0  stm32f4xx_hal_gpio.o(i.HAL_GPIO_WritePin)
    i.HAL_GetTick                            0x08000a9c   Section        0  stm32f4xx_hal.o(i.HAL_GetTick)
    i.HAL_IncTick                            0x08000aa8   Section        0  stm32f4xx_hal.o(i.HAL_IncTick)
    i.HAL_InitTick                           0x08000ab8   Section        0  stm32f4xx_hal.o(i.HAL_InitTick)
    i.HAL_LTDC_ConfigLayer                   0x08000ada   Section        0  stm32f4xx_hal_ltdc.o(i.HAL_LTDC_ConfigLayer)
    i.HAL_LTDC_Init                          0x08000b2c   Section        0  stm32f4xx_hal_ltdc.o(i.HAL_LTDC_Init)
    i.HAL_LTDC_MspInit                       0x08000c28   Section        0  ltdc.o(i.HAL_LTDC_MspInit)
    i.HAL_LTDC_SetWindowPosition             0x08000d1c   Section        0  stm32f4xx_hal_ltdc.o(i.HAL_LTDC_SetWindowPosition)
    i.HAL_LTDC_SetWindowSize                 0x08000d70   Section        0  stm32f4xx_hal_ltdc.o(i.HAL_LTDC_SetWindowSize)
    i.HAL_NVIC_EnableIRQ                     0x08000dc4   Section        0  stm32f4xx_hal_cortex.o(i.HAL_NVIC_EnableIRQ)
    i.HAL_NVIC_SetPriority                   0x08000ddc   Section        0  stm32f4xx_hal_cortex.o(i.HAL_NVIC_SetPriority)
    i.HAL_PWREx_EnableOverDrive              0x08000e1c   Section        0  stm32f4xx_hal_pwr_ex.o(i.HAL_PWREx_EnableOverDrive)
    i.HAL_RCCEx_PeriphCLKConfig              0x08000ea4   Section        0  stm32f4xx_hal_rcc_ex.o(i.HAL_RCCEx_PeriphCLKConfig)
    i.HAL_RCC_ClockConfig                    0x0800114c   Section        0  stm32f4xx_hal_rcc.o(i.HAL_RCC_ClockConfig)
    i.HAL_RCC_GetHCLKFreq                    0x08001354   Section        0  stm32f4xx_hal_rcc.o(i.HAL_RCC_GetHCLKFreq)
    i.HAL_RCC_GetPCLK1Freq                   0x08001388   Section        0  stm32f4xx_hal_rcc.o(i.HAL_RCC_GetPCLK1Freq)
    i.HAL_RCC_GetPCLK2Freq                   0x080013b4   Section        0  stm32f4xx_hal_rcc.o(i.HAL_RCC_GetPCLK2Freq)
    i.HAL_RCC_GetSysClockFreq                0x080013e0   Section        0  stm32f4xx_hal_rcc.o(i.HAL_RCC_GetSysClockFreq)
    i.HAL_RCC_OscConfig                      0x08001454   Section        0  stm32f4xx_hal_rcc.o(i.HAL_RCC_OscConfig)
    i.HAL_SDRAM_Init                         0x08001770   Section        0  stm32f4xx_hal_sdram.o(i.HAL_SDRAM_Init)
    i.HAL_SDRAM_MspInit                      0x080017b4   Section        0  sdram.o(i.HAL_SDRAM_MspInit)
    i.HAL_SDRAM_ProgramRefreshRate           0x08001890   Section        0  stm32f4xx_hal_sdram.o(i.HAL_SDRAM_ProgramRefreshRate)
    i.HAL_SDRAM_SendCommand                  0x080018b2   Section        0  stm32f4xx_hal_sdram.o(i.HAL_SDRAM_SendCommand)
    i.HAL_SRAM_Init                          0x080018e0   Section        0  stm32f4xx_hal_sram.o(i.HAL_SRAM_Init)
    i.HAL_SRAM_MspInit                       0x08001938   Section        0  lcd.o(i.HAL_SRAM_MspInit)
    i.HAL_SYSTICK_CLKSourceConfig            0x080019b0   Section        0  stm32f4xx_hal_cortex.o(i.HAL_SYSTICK_CLKSourceConfig)
    i.HAL_SYSTICK_Config                     0x080019c8   Section        0  stm32f4xx_hal_cortex.o(i.HAL_SYSTICK_Config)
    i.HAL_UART_ErrorCallback                 0x080019f0   Section        0  stm32f4xx_hal_uart.o(i.HAL_UART_ErrorCallback)
    i.HAL_UART_IRQHandler                    0x080019f2   Section        0  stm32f4xx_hal_uart.o(i.HAL_UART_IRQHandler)
    i.HAL_UART_Init                          0x08001ae6   Section        0  stm32f4xx_hal_uart.o(i.HAL_UART_Init)
    i.HAL_UART_MspInit                       0x08001b44   Section        0  usart.o(i.HAL_UART_MspInit)
    i.HAL_UART_Receive                       0x08001bd8   Section        0  stm32f4xx_hal_uart.o(i.HAL_UART_Receive)
    i.HAL_UART_RxCpltCallback                0x08001ca2   Section        0  stm32f4xx_hal_uart.o(i.HAL_UART_RxCpltCallback)
    i.HAL_UART_TxCpltCallback                0x08001ca4   Section        0  stm32f4xx_hal_uart.o(i.HAL_UART_TxCpltCallback)
    i.HardFault_Handler                      0x08001ca6   Section        0  stm32f4xx_it.o(i.HardFault_Handler)
    i.KEY_Init                               0x08001ca8   Section        0  key.o(i.KEY_Init)
    i.KEY_Scan                               0x08001d28   Section        0  key.o(i.KEY_Scan)
    i.LCD_Clear                              0x08001e00   Section        0  lcd.o(i.LCD_Clear)
    i.LCD_Display_Dir                        0x08001e48   Section        0  lcd.o(i.LCD_Display_Dir)
    i.LCD_DrawLine                           0x08001f3c   Section        0  lcd.o(i.LCD_DrawLine)
    i.LCD_DrawPoint                          0x08001fd4   Section        0  lcd.o(i.LCD_DrawPoint)
    i.LCD_DrawRectangle                      0x08002004   Section        0  lcd.o(i.LCD_DrawRectangle)
    i.LCD_Fast_DrawPoint                     0x08002040   Section        0  lcd.o(i.LCD_Fast_DrawPoint)
    i.LCD_Init                               0x08002138   Section        0  lcd.o(i.LCD_Init)
    i.LCD_RD_DATA                            0x080044c4   Section        0  lcd.o(i.LCD_RD_DATA)
    i.LCD_SSD_BackLightSet                   0x080044d8   Section        0  lcd.o(i.LCD_SSD_BackLightSet)
    i.LCD_Scan_Dir                           0x08004528   Section        0  lcd.o(i.LCD_Scan_Dir)
    i.LCD_SetCursor                          0x080046e0   Section        0  lcd.o(i.LCD_SetCursor)
    i.LCD_ShowChar                           0x080047e4   Section        0  lcd.o(i.LCD_ShowChar)
    i.LCD_ShowString                         0x080048c0   Section        0  lcd.o(i.LCD_ShowString)
    i.LCD_WR_DATA                            0x08004914   Section        0  lcd.o(i.LCD_WR_DATA)
    i.LCD_WR_REG                             0x0800492c   Section        0  lcd.o(i.LCD_WR_REG)
    i.LCD_WriteRAM_Prepare                   0x08004944   Section        0  lcd.o(i.LCD_WriteRAM_Prepare)
    i.LCD_WriteReg                           0x08004958   Section        0  lcd.o(i.LCD_WriteReg)
    i.LED_Init                               0x08004968   Section        0  led.o(i.LED_Init)
    i.LTDC_Clear                             0x080049b4   Section        0  ltdc.o(i.LTDC_Clear)
    i.LTDC_Clk_Set                           0x080049d4   Section        0  ltdc.o(i.LTDC_Clk_Set)
    i.LTDC_Display_Dir                       0x080049f4   Section        0  ltdc.o(i.LTDC_Display_Dir)
    i.LTDC_Draw_Point                        0x08004a1c   Section        0  ltdc.o(i.LTDC_Draw_Point)
    i.LTDC_Fill                              0x08004a58   Section        0  ltdc.o(i.LTDC_Fill)
    i.LTDC_Init                              0x08004b0c   Section        0  ltdc.o(i.LTDC_Init)
    i.LTDC_Layer_Parameter_Config            0x08004cbc   Section        0  ltdc.o(i.LTDC_Layer_Parameter_Config)
    i.LTDC_Layer_Window_Config               0x08004d18   Section        0  ltdc.o(i.LTDC_Layer_Window_Config)
    i.LTDC_PanelID_Read                      0x08004d3c   Section        0  ltdc.o(i.LTDC_PanelID_Read)
    i.LTDC_SetConfig                         0x08004df4   Section        0  stm32f4xx_hal_ltdc.o(i.LTDC_SetConfig)
    LTDC_SetConfig                           0x08004df5   Thumb Code   354  stm32f4xx_hal_ltdc.o(i.LTDC_SetConfig)
    i.MemManage_Handler                      0x08004f56   Section        0  stm32f4xx_it.o(i.MemManage_Handler)
    i.NMI_Handler                            0x08004f58   Section        0  stm32f4xx_it.o(i.NMI_Handler)
    i.NVIC_SetPriority                       0x08004f5a   Section        0  stm32f4xx_hal_cortex.o(i.NVIC_SetPriority)
    NVIC_SetPriority                         0x08004f5b   Thumb Code    32  stm32f4xx_hal_cortex.o(i.NVIC_SetPriority)
    i.PendSV_Handler                         0x08004f7a   Section        0  stm32f4xx_it.o(i.PendSV_Handler)
    i.SDRAM_Init                             0x08004f7c   Section        0  sdram.o(i.SDRAM_Init)
    i.SDRAM_Initialization_Sequence          0x08004fdc   Section        0  sdram.o(i.SDRAM_Initialization_Sequence)
    i.SDRAM_Send_Cmd                         0x0800502c   Section        0  sdram.o(i.SDRAM_Send_Cmd)
    i.SVC_Handler                            0x08005060   Section        0  stm32f4xx_it.o(i.SVC_Handler)
    i.Stm32_Clock_Init                       0x08005064   Section        0  sys.o(i.Stm32_Clock_Init)
    i.SysTick_Handler                        0x080050e8   Section        0  stm32f4xx_it.o(i.SysTick_Handler)
    i.SystemInit                             0x080050ec   Section        0  system_stm32f4xx.o(i.SystemInit)
    i.UART_Receive_IT                        0x08005140   Section        0  stm32f4xx_hal_uart.o(i.UART_Receive_IT)
    UART_Receive_IT                          0x08005141   Thumb Code   166  stm32f4xx_hal_uart.o(i.UART_Receive_IT)
    i.UART_SetConfig                         0x080051e8   Section        0  stm32f4xx_hal_uart.o(i.UART_SetConfig)
    UART_SetConfig                           0x080051e9   Thumb Code   364  stm32f4xx_hal_uart.o(i.UART_SetConfig)
    i.UART_Transmit_IT                       0x0800535c   Section        0  stm32f4xx_hal_uart.o(i.UART_Transmit_IT)
    UART_Transmit_IT                         0x0800535d   Thumb Code   102  stm32f4xx_hal_uart.o(i.UART_Transmit_IT)
    i.UART_WaitOnFlagUntilTimeout            0x080053c2   Section        0  stm32f4xx_hal_uart.o(i.UART_WaitOnFlagUntilTimeout)
    UART_WaitOnFlagUntilTimeout              0x080053c3   Thumb Code   146  stm32f4xx_hal_uart.o(i.UART_WaitOnFlagUntilTimeout)
    i.USART1_IRQHandler                      0x08005454   Section        0  usart.o(i.USART1_IRQHandler)
    i.UsageFault_Handler                     0x080054c0   Section        0  stm32f4xx_it.o(i.UsageFault_Handler)
    i._sys_exit                              0x080054c2   Section        0  usart.o(i._sys_exit)
    i.delay_init                             0x080054c4   Section        0  delay.o(i.delay_init)
    i.delay_ms                               0x080054d8   Section        0  delay.o(i.delay_ms)
    i.delay_us                               0x080054f4   Section        0  delay.o(i.delay_us)
    i.detected_key                           0x08005528   Section        0  main.o(i.detected_key)
    i.fputc                                  0x08005584   Section        0  usart.o(i.fputc)
    i.getRandon                              0x08005598   Section        0  main.o(i.getRandon)
    i.init_snake                             0x080055c0   Section        0  main.o(i.init_snake)
    i.is_ated_food                           0x08005604   Section        0  main.o(i.is_ated_food)
    i.is_hit_body                            0x08005628   Section        0  main.o(i.is_hit_body)
    i.is_hit_boundary                        0x08005660   Section        0  main.o(i.is_hit_boundary)
    i.main                                   0x08005680   Section        0  main.o(i.main)
    i.move                                   0x08005774   Section        0  main.o(i.move)
    i.paint_body                             0x08005800   Section        0  main.o(i.paint_body)
    i.paint_food                             0x08005814   Section        0  main.o(i.paint_food)
    i.paint_head                             0x08005834   Section        0  main.o(i.paint_head)
    i.paint_map                              0x08005848   Section        0  main.o(i.paint_map)
    i.paint_menu                             0x08005868   Section        0  main.o(i.paint_menu)
    i.refresh                                0x080058f8   Section        0  main.o(i.refresh)
    i.uart_init                              0x08005940   Section        0  usart.o(i.uart_init)
    i.update_food                            0x08005964   Section        0  main.o(i.update_food)
    i.update_position                        0x08005984   Section        0  main.o(i.update_position)
    i.victory                                0x080059a8   Section        0  main.o(i.victory)
    x$fpl$dfixu                              0x08005a24   Section       90  dfixu.o(x$fpl$dfixu)
    $v0                                      0x08005a24   Number         0  dfixu.o(x$fpl$dfixu)
    x$fpl$dfltu                              0x08005a7e   Section       38  dflt_clz.o(x$fpl$dfltu)
    $v0                                      0x08005a7e   Number         0  dflt_clz.o(x$fpl$dfltu)
    x$fpl$dmul                               0x08005aa4   Section      340  dmul.o(x$fpl$dmul)
    $v0                                      0x08005aa4   Number         0  dmul.o(x$fpl$dmul)
    x$fpl$dnaninf                            0x08005bf8   Section      156  dnaninf.o(x$fpl$dnaninf)
    $v0                                      0x08005bf8   Number         0  dnaninf.o(x$fpl$dnaninf)
    x$fpl$dretinf                            0x08005c94   Section       12  dretinf.o(x$fpl$dretinf)
    $v0                                      0x08005c94   Number         0  dretinf.o(x$fpl$dretinf)
    x$fpl$fpinit                             0x08005ca0   Section       10  fpinit.o(x$fpl$fpinit)
    $v0                                      0x08005ca0   Number         0  fpinit.o(x$fpl$fpinit)
    .constdata                               0x08005caa   Section       16  stm32f4xx_hal_rcc.o(.constdata)
    x$fpl$usenofp                            0x08005caa   Section        0  usenofp.o(x$fpl$usenofp)
    .constdata                               0x08005cba   Section    18240  lcd.o(.constdata)
    .constdata                               0x0800a3fa   Section       40  _printf_hex_int.o(.constdata)
    uc_hextab                                0x0800a3fa   Data          20  _printf_hex_int.o(.constdata)
    lc_hextab                                0x0800a40e   Data          20  _printf_hex_int.o(.constdata)
    .data                                    0x20000000   Section       20  main.o(.data)
    .data                                    0x20000014   Section       20  system_stm32f4xx.o(.data)
    .data                                    0x20000028   Section        4  stm32f4xx_hal.o(.data)
    uwTick                                   0x20000028   Data           4  stm32f4xx_hal.o(.data)
    .data                                    0x2000002c   Section        4  delay.o(.data)
    fac_us                                   0x2000002c   Data           4  delay.o(.data)
    .data                                    0x20000030   Section        2  usart.o(.data)
    .data                                    0x20000034   Section        4  usart.o(.data)
    .data                                    0x20000038   Section        1  key.o(.data)
    key_up                                   0x20000038   Data           1  key.o(.data)
    .data                                    0x2000003c   Section        8  lcd.o(.data)
    .data                                    0x20000044   Section        8  ltdc.o(.data)
    .bss                                     0x2000004c   Section      408  main.o(.bss)
    .bss                                     0x200001e4   Section      264  usart.o(.bss)
    .bss                                     0x200002ec   Section       94  lcd.o(.bss)
    .bss                                     0x2000034c   Section       52  sdram.o(.bss)
    .bss                                     0x20000380   Section      200  ltdc.o(.bss)
    .bss                                     0x20000448   Section      228  rand.o(.bss)
    .bss                                     0x2000052c   Section       96  libspace.o(.bss)
    HEAP                                     0x20000590   Section      512  startup_stm32f429xx.o(HEAP)
    Heap_Mem                                 0x20000590   Data         512  startup_stm32f429xx.o(HEAP)
    STACK                                    0x20000790   Section     1024  startup_stm32f429xx.o(STACK)
    Stack_Mem                                0x20000790   Data        1024  startup_stm32f429xx.o(STACK)
    __initial_sp                             0x20000b90   Data           0  startup_stm32f429xx.o(STACK)
    .ARM.__AT_0xC0000000                     0xc0000000   Section    2048000  ltdc.o(.ARM.__AT_0xC0000000)

    Global Symbols

    Symbol Name                              Value     Ov Type        Size  Object(Section)

    BuildAttributes$$THM_ISAv4$E$P$D$K$B$S$7EM$VFPi3$EXTD16$VFPS$VFMA$PE$A:L22UL41UL21$X:L11$S22US41US21$IEEE1$IW$USESV6$~STKCKD$USESV7$~SHL$OSPACE$ROPI$EBA8$UX$STANDARDLIB$REQ8$PRES8$EABIv2 0x00000000   Number         0  anon$$obj.o ABSOLUTE
    __ARM_use_no_argv                        0x00000000   Number         0  main.o ABSOLUTE
    __ARM_exceptions_init                     - Undefined Weak Reference
    __alloca_initialize                       - Undefined Weak Reference
    __arm_preinit_                            - Undefined Weak Reference
    __cpp_initialize__aeabi_                  - Undefined Weak Reference
    __cxa_finalize                            - Undefined Weak Reference
    __rt_locale                               - Undefined Weak Reference
    __sigvec_lookup                           - Undefined Weak Reference
    _atexit_init                              - Undefined Weak Reference
    _call_atexit_fns                          - Undefined Weak Reference
    _clock_init                               - Undefined Weak Reference
    _fp_trap_init                             - Undefined Weak Reference
    _fp_trap_shutdown                         - Undefined Weak Reference
    _get_lc_collate                           - Undefined Weak Reference
    _get_lc_ctype                             - Undefined Weak Reference
    _get_lc_monetary                          - Undefined Weak Reference
    _get_lc_numeric                           - Undefined Weak Reference
    _get_lc_time                              - Undefined Weak Reference
    _getenv_init                              - Undefined Weak Reference
    _handle_redirection                       - Undefined Weak Reference
    _init_alloc                               - Undefined Weak Reference
    _init_user_alloc                          - Undefined Weak Reference
    _initio                                   - Undefined Weak Reference
    _mutex_acquire                            - Undefined Weak Reference
    _mutex_release                            - Undefined Weak Reference
    _printf_post_padding                      - Undefined Weak Reference
    _printf_pre_padding                       - Undefined Weak Reference
    _printf_truncate_signed                   - Undefined Weak Reference
    _printf_truncate_unsigned                 - Undefined Weak Reference
    _signal_finish                            - Undefined Weak Reference
    _signal_init                              - Undefined Weak Reference
    _terminate_alloc                          - Undefined Weak Reference
    _terminate_user_alloc                     - Undefined Weak Reference
    _terminateio                              - Undefined Weak Reference
    __Vectors_Size                           0x000001ac   Number         0  startup_stm32f429xx.o ABSOLUTE
    __Vectors                                0x08000000   Data           4  startup_stm32f429xx.o(RESET)
    __Vectors_End                            0x080001ac   Data           0  startup_stm32f429xx.o(RESET)
    __main                                   0x080001ad   Thumb Code     8  __main.o(!!!main)
    __scatterload                            0x080001b5   Thumb Code     0  __scatter.o(!!!scatter)
    __scatterload_rt2                        0x080001b5   Thumb Code    44  __scatter.o(!!!scatter)
    __scatterload_rt2_thumb_only             0x080001b5   Thumb Code     0  __scatter.o(!!!scatter)
    __scatterload_null                       0x080001c3   Thumb Code     0  __scatter.o(!!!scatter)
    __scatterload_copy                       0x080001e9   Thumb Code    26  __scatter_copy.o(!!handler_copy)
    __scatterload_zeroinit                   0x08000205   Thumb Code    28  __scatter_zi.o(!!handler_zi)
    _printf_d                                0x08000221   Thumb Code     0  _printf_d.o(.ARM.Collect$$_printf_percent$$00000009)
    _printf_percent                          0x08000221   Thumb Code     0  _printf_percent.o(.ARM.Collect$$_printf_percent$$00000000)
    _printf_x                                0x08000227   Thumb Code     0  _printf_x.o(.ARM.Collect$$_printf_percent$$0000000C)
    _printf_percent_end                      0x0800022d   Thumb Code     0  _printf_percent_end.o(.ARM.Collect$$_printf_percent$$00000017)
    __rt_lib_init                            0x08000231   Thumb Code     0  libinit.o(.ARM.Collect$$libinit$$00000000)
    __rt_lib_init_fp_1                       0x08000233   Thumb Code     0  libinit2.o(.ARM.Collect$$libinit$$00000001)
    __rt_lib_init_heap_1                     0x08000237   Thumb Code     0  libinit2.o(.ARM.Collect$$libinit$$0000000A)
    __rt_lib_init_preinit_1                  0x08000237   Thumb Code     0  libinit2.o(.ARM.Collect$$libinit$$00000004)
    __rt_lib_init_rand_2                     0x08000237   Thumb Code     0  libinit2.o(.ARM.Collect$$libinit$$0000000D)
    __rt_lib_init_user_alloc_1               0x08000237   Thumb Code     0  libinit2.o(.ARM.Collect$$libinit$$0000000C)
    __rt_lib_init_alloca_1                   0x0800023b   Thumb Code     0  libinit2.o(.ARM.Collect$$libinit$$0000002E)
    __rt_lib_init_argv_1                     0x0800023b   Thumb Code     0  libinit2.o(.ARM.Collect$$libinit$$0000002C)
    __rt_lib_init_atexit_1                   0x0800023b   Thumb Code     0  libinit2.o(.ARM.Collect$$libinit$$0000001B)
    __rt_lib_init_clock_1                    0x0800023b   Thumb Code     0  libinit2.o(.ARM.Collect$$libinit$$00000021)
    __rt_lib_init_cpp_1                      0x0800023b   Thumb Code     0  libinit2.o(.ARM.Collect$$libinit$$00000032)
    __rt_lib_init_exceptions_1               0x0800023b   Thumb Code     0  libinit2.o(.ARM.Collect$$libinit$$00000030)
    __rt_lib_init_fp_trap_1                  0x0800023b   Thumb Code     0  libinit2.o(.ARM.Collect$$libinit$$0000001F)
    __rt_lib_init_getenv_1                   0x0800023b   Thumb Code     0  libinit2.o(.ARM.Collect$$libinit$$00000023)
    __rt_lib_init_lc_collate_1               0x0800023b   Thumb Code     0  libinit2.o(.ARM.Collect$$libinit$$00000011)
    __rt_lib_init_lc_ctype_1                 0x0800023b   Thumb Code     0  libinit2.o(.ARM.Collect$$libinit$$00000013)
    __rt_lib_init_lc_monetary_1              0x0800023b   Thumb Code     0  libinit2.o(.ARM.Collect$$libinit$$00000015)
    __rt_lib_init_lc_numeric_1               0x0800023b   Thumb Code     0  libinit2.o(.ARM.Collect$$libinit$$00000017)
    __rt_lib_init_lc_time_1                  0x0800023b   Thumb Code     0  libinit2.o(.ARM.Collect$$libinit$$00000019)
    __rt_lib_init_rand_1                     0x0800023b   Thumb Code     0  libinit2.o(.ARM.Collect$$libinit$$0000000E)
    __rt_lib_init_return                     0x0800023b   Thumb Code     0  libinit2.o(.ARM.Collect$$libinit$$00000033)
    __rt_lib_init_signal_1                   0x0800023b   Thumb Code     0  libinit2.o(.ARM.Collect$$libinit$$0000001D)
    __rt_lib_init_stdio_1                    0x0800023b   Thumb Code     0  libinit2.o(.ARM.Collect$$libinit$$00000025)
    __rt_lib_shutdown                        0x0800023d   Thumb Code     0  libshutdown.o(.ARM.Collect$$libshutdown$$00000000)
    __rt_lib_shutdown_cpp_1                  0x0800023f   Thumb Code     0  libshutdown2.o(.ARM.Collect$$libshutdown$$00000002)
    __rt_lib_shutdown_fp_trap_1              0x0800023f   Thumb Code     0  libshutdown2.o(.ARM.Collect$$libshutdown$$00000007)
    __rt_lib_shutdown_heap_1                 0x0800023f   Thumb Code     0  libshutdown2.o(.ARM.Collect$$libshutdown$$0000000F)
    __rt_lib_shutdown_return                 0x0800023f   Thumb Code     0  libshutdown2.o(.ARM.Collect$$libshutdown$$00000010)
    __rt_lib_shutdown_signal_1               0x0800023f   Thumb Code     0  libshutdown2.o(.ARM.Collect$$libshutdown$$0000000A)
    __rt_lib_shutdown_stdio_1                0x0800023f   Thumb Code     0  libshutdown2.o(.ARM.Collect$$libshutdown$$00000004)
    __rt_lib_shutdown_user_alloc_1           0x0800023f   Thumb Code     0  libshutdown2.o(.ARM.Collect$$libshutdown$$0000000C)
    __rt_entry                               0x08000241   Thumb Code     0  __rtentry.o(.ARM.Collect$$rtentry$$00000000)
    __rt_entry_presh_1                       0x08000241   Thumb Code     0  __rtentry2.o(.ARM.Collect$$rtentry$$00000002)
    __rt_entry_sh                            0x08000241   Thumb Code     0  __rtentry4.o(.ARM.Collect$$rtentry$$00000004)
    __rt_entry_li                            0x08000247   Thumb Code     0  __rtentry2.o(.ARM.Collect$$rtentry$$0000000A)
    __rt_entry_postsh_1                      0x08000247   Thumb Code     0  __rtentry2.o(.ARM.Collect$$rtentry$$00000009)
    __rt_entry_main                          0x0800024b   Thumb Code     0  __rtentry2.o(.ARM.Collect$$rtentry$$0000000D)
    __rt_entry_postli_1                      0x0800024b   Thumb Code     0  __rtentry2.o(.ARM.Collect$$rtentry$$0000000C)
    __rt_exit                                0x08000253   Thumb Code     0  rtexit.o(.ARM.Collect$$rtexit$$00000000)
    __rt_exit_ls                             0x08000255   Thumb Code     0  rtexit2.o(.ARM.Collect$$rtexit$$00000003)
    __rt_exit_prels_1                        0x08000255   Thumb Code     0  rtexit2.o(.ARM.Collect$$rtexit$$00000002)
    __rt_exit_exit                           0x08000259   Thumb Code     0  rtexit2.o(.ARM.Collect$$rtexit$$00000004)
    rand                                     0x08000261   Thumb Code    48  rand.o(.emb_text)
    Reset_Handler                            0x08000295   Thumb Code     8  startup_stm32f429xx.o(.text)
    ADC_IRQHandler                           0x080002af   Thumb Code     0  startup_stm32f429xx.o(.text)
    CAN1_RX0_IRQHandler                      0x080002af   Thumb Code     0  startup_stm32f429xx.o(.text)
    CAN1_RX1_IRQHandler                      0x080002af   Thumb Code     0  startup_stm32f429xx.o(.text)
    CAN1_SCE_IRQHandler                      0x080002af   Thumb Code     0  startup_stm32f429xx.o(.text)
    CAN1_TX_IRQHandler                       0x080002af   Thumb Code     0  startup_stm32f429xx.o(.text)
    CAN2_RX0_IRQHandler                      0x080002af   Thumb Code     0  startup_stm32f429xx.o(.text)
    CAN2_RX1_IRQHandler                      0x080002af   Thumb Code     0  startup_stm32f429xx.o(.text)
    CAN2_SCE_IRQHandler                      0x080002af   Thumb Code     0  startup_stm32f429xx.o(.text)
    CAN2_TX_IRQHandler                       0x080002af   Thumb Code     0  startup_stm32f429xx.o(.text)
    DCMI_IRQHandler                          0x080002af   Thumb Code     0  startup_stm32f429xx.o(.text)
    DMA1_Stream0_IRQHandler                  0x080002af   Thumb Code     0  startup_stm32f429xx.o(.text)
    DMA1_Stream1_IRQHandler                  0x080002af   Thumb Code     0  startup_stm32f429xx.o(.text)
    DMA1_Stream2_IRQHandler                  0x080002af   Thumb Code     0  startup_stm32f429xx.o(.text)
    DMA1_Stream3_IRQHandler                  0x080002af   Thumb Code     0  startup_stm32f429xx.o(.text)
    DMA1_Stream4_IRQHandler                  0x080002af   Thumb Code     0  startup_stm32f429xx.o(.text)
    DMA1_Stream5_IRQHandler                  0x080002af   Thumb Code     0  startup_stm32f429xx.o(.text)
    DMA1_Stream6_IRQHandler                  0x080002af   Thumb Code     0  startup_stm32f429xx.o(.text)
    DMA1_Stream7_IRQHandler                  0x080002af   Thumb Code     0  startup_stm32f429xx.o(.text)
    DMA2D_IRQHandler                         0x080002af   Thumb Code     0  startup_stm32f429xx.o(.text)
    DMA2_Stream0_IRQHandler                  0x080002af   Thumb Code     0  startup_stm32f429xx.o(.text)
    DMA2_Stream1_IRQHandler                  0x080002af   Thumb Code     0  startup_stm32f429xx.o(.text)
    DMA2_Stream2_IRQHandler                  0x080002af   Thumb Code     0  startup_stm32f429xx.o(.text)
    DMA2_Stream3_IRQHandler                  0x080002af   Thumb Code     0  startup_stm32f429xx.o(.text)
    DMA2_Stream4_IRQHandler                  0x080002af   Thumb Code     0  startup_stm32f429xx.o(.text)
    DMA2_Stream5_IRQHandler                  0x080002af   Thumb Code     0  startup_stm32f429xx.o(.text)
    DMA2_Stream6_IRQHandler                  0x080002af   Thumb Code     0  startup_stm32f429xx.o(.text)
    DMA2_Stream7_IRQHandler                  0x080002af   Thumb Code     0  startup_stm32f429xx.o(.text)
    ETH_IRQHandler                           0x080002af   Thumb Code     0  startup_stm32f429xx.o(.text)
    ETH_WKUP_IRQHandler                      0x080002af   Thumb Code     0  startup_stm32f429xx.o(.text)
    EXTI0_IRQHandler                         0x080002af   Thumb Code     0  startup_stm32f429xx.o(.text)
    EXTI15_10_IRQHandler                     0x080002af   Thumb Code     0  startup_stm32f429xx.o(.text)
    EXTI1_IRQHandler                         0x080002af   Thumb Code     0  startup_stm32f429xx.o(.text)
    EXTI2_IRQHandler                         0x080002af   Thumb Code     0  startup_stm32f429xx.o(.text)
    EXTI3_IRQHandler                         0x080002af   Thumb Code     0  startup_stm32f429xx.o(.text)
    EXTI4_IRQHandler                         0x080002af   Thumb Code     0  startup_stm32f429xx.o(.text)
    EXTI9_5_IRQHandler                       0x080002af   Thumb Code     0  startup_stm32f429xx.o(.text)
    FLASH_IRQHandler                         0x080002af   Thumb Code     0  startup_stm32f429xx.o(.text)
    FMC_IRQHandler                           0x080002af   Thumb Code     0  startup_stm32f429xx.o(.text)
    FPU_IRQHandler                           0x080002af   Thumb Code     0  startup_stm32f429xx.o(.text)
    HASH_RNG_IRQHandler                      0x080002af   Thumb Code     0  startup_stm32f429xx.o(.text)
    I2C1_ER_IRQHandler                       0x080002af   Thumb Code     0  startup_stm32f429xx.o(.text)
    I2C1_EV_IRQHandler                       0x080002af   Thumb Code     0  startup_stm32f429xx.o(.text)
    I2C2_ER_IRQHandler                       0x080002af   Thumb Code     0  startup_stm32f429xx.o(.text)
    I2C2_EV_IRQHandler                       0x080002af   Thumb Code     0  startup_stm32f429xx.o(.text)
    I2C3_ER_IRQHandler                       0x080002af   Thumb Code     0  startup_stm32f429xx.o(.text)
    I2C3_EV_IRQHandler                       0x080002af   Thumb Code     0  startup_stm32f429xx.o(.text)
    LTDC_ER_IRQHandler                       0x080002af   Thumb Code     0  startup_stm32f429xx.o(.text)
    LTDC_IRQHandler                          0x080002af   Thumb Code     0  startup_stm32f429xx.o(.text)
    OTG_FS_IRQHandler                        0x080002af   Thumb Code     0  startup_stm32f429xx.o(.text)
    OTG_FS_WKUP_IRQHandler                   0x080002af   Thumb Code     0  startup_stm32f429xx.o(.text)
    OTG_HS_EP1_IN_IRQHandler                 0x080002af   Thumb Code     0  startup_stm32f429xx.o(.text)
    OTG_HS_EP1_OUT_IRQHandler                0x080002af   Thumb Code     0  startup_stm32f429xx.o(.text)
    OTG_HS_IRQHandler                        0x080002af   Thumb Code     0  startup_stm32f429xx.o(.text)
    OTG_HS_WKUP_IRQHandler                   0x080002af   Thumb Code     0  startup_stm32f429xx.o(.text)
    PVD_IRQHandler                           0x080002af   Thumb Code     0  startup_stm32f429xx.o(.text)
    RCC_IRQHandler                           0x080002af   Thumb Code     0  startup_stm32f429xx.o(.text)
    RTC_Alarm_IRQHandler                     0x080002af   Thumb Code     0  startup_stm32f429xx.o(.text)
    RTC_WKUP_IRQHandler                      0x080002af   Thumb Code     0  startup_stm32f429xx.o(.text)
    SAI1_IRQHandler                          0x080002af   Thumb Code     0  startup_stm32f429xx.o(.text)
    SDIO_IRQHandler                          0x080002af   Thumb Code     0  startup_stm32f429xx.o(.text)
    SPI1_IRQHandler                          0x080002af   Thumb Code     0  startup_stm32f429xx.o(.text)
    SPI2_IRQHandler                          0x080002af   Thumb Code     0  startup_stm32f429xx.o(.text)
    SPI3_IRQHandler                          0x080002af   Thumb Code     0  startup_stm32f429xx.o(.text)
    SPI4_IRQHandler                          0x080002af   Thumb Code     0  startup_stm32f429xx.o(.text)
    SPI5_IRQHandler                          0x080002af   Thumb Code     0  startup_stm32f429xx.o(.text)
    SPI6_IRQHandler                          0x080002af   Thumb Code     0  startup_stm32f429xx.o(.text)
    TAMP_STAMP_IRQHandler                    0x080002af   Thumb Code     0  startup_stm32f429xx.o(.text)
    TIM1_BRK_TIM9_IRQHandler                 0x080002af   Thumb Code     0  startup_stm32f429xx.o(.text)
    TIM1_CC_IRQHandler                       0x080002af   Thumb Code     0  startup_stm32f429xx.o(.text)
    TIM1_TRG_COM_TIM11_IRQHandler            0x080002af   Thumb Code     0  startup_stm32f429xx.o(.text)
    TIM1_UP_TIM10_IRQHandler                 0x080002af   Thumb Code     0  startup_stm32f429xx.o(.text)
    TIM2_IRQHandler                          0x080002af   Thumb Code     0  startup_stm32f429xx.o(.text)
    TIM3_IRQHandler                          0x080002af   Thumb Code     0  startup_stm32f429xx.o(.text)
    TIM4_IRQHandler                          0x080002af   Thumb Code     0  startup_stm32f429xx.o(.text)
    TIM5_IRQHandler                          0x080002af   Thumb Code     0  startup_stm32f429xx.o(.text)
    TIM6_DAC_IRQHandler                      0x080002af   Thumb Code     0  startup_stm32f429xx.o(.text)
    TIM7_IRQHandler                          0x080002af   Thumb Code     0  startup_stm32f429xx.o(.text)
    TIM8_BRK_TIM12_IRQHandler                0x080002af   Thumb Code     0  startup_stm32f429xx.o(.text)
    TIM8_CC_IRQHandler                       0x080002af   Thumb Code     0  startup_stm32f429xx.o(.text)
    TIM8_TRG_COM_TIM14_IRQHandler            0x080002af   Thumb Code     0  startup_stm32f429xx.o(.text)
    TIM8_UP_TIM13_IRQHandler                 0x080002af   Thumb Code     0  startup_stm32f429xx.o(.text)
    UART4_IRQHandler                         0x080002af   Thumb Code     0  startup_stm32f429xx.o(.text)
    UART5_IRQHandler                         0x080002af   Thumb Code     0  startup_stm32f429xx.o(.text)
    UART7_IRQHandler                         0x080002af   Thumb Code     0  startup_stm32f429xx.o(.text)
    UART8_IRQHandler                         0x080002af   Thumb Code     0  startup_stm32f429xx.o(.text)
    USART2_IRQHandler                        0x080002af   Thumb Code     0  startup_stm32f429xx.o(.text)
    USART3_IRQHandler                        0x080002af   Thumb Code     0  startup_stm32f429xx.o(.text)
    USART6_IRQHandler                        0x080002af   Thumb Code     0  startup_stm32f429xx.o(.text)
    WWDG_IRQHandler                          0x080002af   Thumb Code     0  startup_stm32f429xx.o(.text)
    __user_initial_stackheap                 0x080002b1   Thumb Code     0  startup_stm32f429xx.o(.text)
    __use_no_semihosting                     0x080002d5   Thumb Code     2  use_no_semi_2.o(.text)
    __2printf                                0x080002d9   Thumb Code    20  noretval__2printf.o(.text)
    __2sprintf                               0x080002f1   Thumb Code    34  noretval__2sprintf.o(.text)
    __printf                                 0x08000319   Thumb Code   104  __printf.o(.text)
    _printf_int_dec                          0x08000381   Thumb Code   104  _printf_dec.o(.text)
    _printf_int_hex                          0x080003f9   Thumb Code    84  _printf_hex_int.o(.text)
    _printf_longlong_hex                     0x080003f9   Thumb Code     0  _printf_hex_int.o(.text)
    srand                                    0x08000451   Thumb Code    42  rand.o(.text)
    _rand_init                               0x0800047b   Thumb Code     4  rand.o(.text)
    __aeabi_memcpy4                          0x0800048d   Thumb Code     0  rt_memcpy_w.o(.text)
    __aeabi_memcpy8                          0x0800048d   Thumb Code     0  rt_memcpy_w.o(.text)
    __rt_memcpy_w                            0x0800048d   Thumb Code   100  rt_memcpy_w.o(.text)
    _memcpy_lastbytes_aligned                0x080004d5   Thumb Code     0  rt_memcpy_w.o(.text)
    __use_two_region_memory                  0x080004f1   Thumb Code     2  heapauxi.o(.text)
    __rt_heap_escrow$2region                 0x080004f3   Thumb Code     2  heapauxi.o(.text)
    __rt_heap_expand$2region                 0x080004f5   Thumb Code     2  heapauxi.o(.text)
    __I$use$semihosting                      0x080004f7   Thumb Code     0  use_no_semi.o(.text)
    __use_no_semihosting_swi                 0x080004f7   Thumb Code     2  use_no_semi.o(.text)
    _printf_int_common                       0x080004f9   Thumb Code   178  _printf_intcommon.o(.text)
    _printf_char_common                      0x080005b7   Thumb Code    32  _printf_char_common.o(.text)
    _sputc                                   0x080005dd   Thumb Code    10  _sputc.o(.text)
    _printf_char_file                        0x080005e9   Thumb Code    32  _printf_char_file.o(.text)
    ferror                                   0x0800060d   Thumb Code     8  ferror.o(.text)
    __user_setup_stackheap                   0x08000615   Thumb Code    74  sys_stackheap_outer.o(.text)
    exit                                     0x0800065f   Thumb Code    18  exit.o(.text)
    __user_libspace                          0x08000671   Thumb Code     8  libspace.o(.text)
    __user_perproc_libspace                  0x08000671   Thumb Code     0  libspace.o(.text)
    __user_perthread_libspace                0x08000671   Thumb Code     0  libspace.o(.text)
    BusFault_Handler                         0x08000679   Thumb Code     2  stm32f4xx_it.o(i.BusFault_Handler)
    DebugMon_Handler                         0x0800067b   Thumb Code     2  stm32f4xx_it.o(i.DebugMon_Handler)
    FMC_NORSRAM_Extended_Timing_Init         0x0800067d   Thumb Code    60  stm32f4xx_ll_fmc.o(i.FMC_NORSRAM_Extended_Timing_Init)
    FMC_NORSRAM_Init                         0x080006bd   Thumb Code   110  stm32f4xx_ll_fmc.o(i.FMC_NORSRAM_Init)
    FMC_NORSRAM_Timing_Init                  0x08000735   Thumb Code    86  stm32f4xx_ll_fmc.o(i.FMC_NORSRAM_Timing_Init)
    FMC_SDRAM_Init                           0x08000791   Thumb Code    76  stm32f4xx_ll_fmc.o(i.FMC_SDRAM_Init)
    FMC_SDRAM_ProgramRefreshRate             0x080007dd   Thumb Code    12  stm32f4xx_ll_fmc.o(i.FMC_SDRAM_ProgramRefreshRate)
    FMC_SDRAM_SendCommand                    0x080007e9   Thumb Code    72  stm32f4xx_ll_fmc.o(i.FMC_SDRAM_SendCommand)
    FMC_SDRAM_Timing_Init                    0x08000831   Thumb Code   124  stm32f4xx_ll_fmc.o(i.FMC_SDRAM_Timing_Init)
    HAL_GPIO_Init                            0x080008ad   Thumb Code   422  stm32f4xx_hal_gpio.o(i.HAL_GPIO_Init)
    HAL_GPIO_ReadPin                         0x08000a89   Thumb Code    10  stm32f4xx_hal_gpio.o(i.HAL_GPIO_ReadPin)
    HAL_GPIO_WritePin                        0x08000a93   Thumb Code    10  stm32f4xx_hal_gpio.o(i.HAL_GPIO_WritePin)
    HAL_GetTick                              0x08000a9d   Thumb Code     6  stm32f4xx_hal.o(i.HAL_GetTick)
    HAL_IncTick                              0x08000aa9   Thumb Code    10  stm32f4xx_hal.o(i.HAL_IncTick)
    HAL_InitTick                             0x08000ab9   Thumb Code    34  stm32f4xx_hal.o(i.HAL_InitTick)
    HAL_LTDC_ConfigLayer                     0x08000adb   Thumb Code    82  stm32f4xx_hal_ltdc.o(i.HAL_LTDC_ConfigLayer)
    HAL_LTDC_Init                            0x08000b2d   Thumb Code   248  stm32f4xx_hal_ltdc.o(i.HAL_LTDC_Init)
    HAL_LTDC_MspInit                         0x08000c29   Thumb Code   218  ltdc.o(i.HAL_LTDC_MspInit)
    HAL_LTDC_SetWindowPosition               0x08000d1d   Thumb Code    84  stm32f4xx_hal_ltdc.o(i.HAL_LTDC_SetWindowPosition)
    HAL_LTDC_SetWindowSize                   0x08000d71   Thumb Code    84  stm32f4xx_hal_ltdc.o(i.HAL_LTDC_SetWindowSize)
    HAL_NVIC_EnableIRQ                       0x08000dc5   Thumb Code    22  stm32f4xx_hal_cortex.o(i.HAL_NVIC_EnableIRQ)
    HAL_NVIC_SetPriority                     0x08000ddd   Thumb Code    60  stm32f4xx_hal_cortex.o(i.HAL_NVIC_SetPriority)
    HAL_PWREx_EnableOverDrive                0x08000e1d   Thumb Code   122  stm32f4xx_hal_pwr_ex.o(i.HAL_PWREx_EnableOverDrive)
    HAL_RCCEx_PeriphCLKConfig                0x08000ea5   Thumb Code   644  stm32f4xx_hal_rcc_ex.o(i.HAL_RCCEx_PeriphCLKConfig)
    HAL_RCC_ClockConfig                      0x0800114d   Thumb Code   512  stm32f4xx_hal_rcc.o(i.HAL_RCC_ClockConfig)
    HAL_RCC_GetHCLKFreq                      0x08001355   Thumb Code    38  stm32f4xx_hal_rcc.o(i.HAL_RCC_GetHCLKFreq)
    HAL_RCC_GetPCLK1Freq                     0x08001389   Thumb Code    36  stm32f4xx_hal_rcc.o(i.HAL_RCC_GetPCLK1Freq)
    HAL_RCC_GetPCLK2Freq                     0x080013b5   Thumb Code    36  stm32f4xx_hal_rcc.o(i.HAL_RCC_GetPCLK2Freq)
    HAL_RCC_GetSysClockFreq                  0x080013e1   Thumb Code   104  stm32f4xx_hal_rcc.o(i.HAL_RCC_GetSysClockFreq)
    HAL_RCC_OscConfig                        0x08001455   Thumb Code   774  stm32f4xx_hal_rcc.o(i.HAL_RCC_OscConfig)
    HAL_SDRAM_Init                           0x08001771   Thumb Code    66  stm32f4xx_hal_sdram.o(i.HAL_SDRAM_Init)
    HAL_SDRAM_MspInit                        0x080017b5   Thumb Code   194  sdram.o(i.HAL_SDRAM_MspInit)
    HAL_SDRAM_ProgramRefreshRate             0x08001891   Thumb Code    34  stm32f4xx_hal_sdram.o(i.HAL_SDRAM_ProgramRefreshRate)
    HAL_SDRAM_SendCommand                    0x080018b3   Thumb Code    46  stm32f4xx_hal_sdram.o(i.HAL_SDRAM_SendCommand)
    HAL_SRAM_Init                            0x080018e1   Thumb Code    86  stm32f4xx_hal_sram.o(i.HAL_SRAM_Init)
    HAL_SRAM_MspInit                         0x08001939   Thumb Code   106  lcd.o(i.HAL_SRAM_MspInit)
    HAL_SYSTICK_CLKSourceConfig              0x080019b1   Thumb Code    24  stm32f4xx_hal_cortex.o(i.HAL_SYSTICK_CLKSourceConfig)
    HAL_SYSTICK_Config                       0x080019c9   Thumb Code    40  stm32f4xx_hal_cortex.o(i.HAL_SYSTICK_Config)
    HAL_UART_ErrorCallback                   0x080019f1   Thumb Code     2  stm32f4xx_hal_uart.o(i.HAL_UART_ErrorCallback)
    HAL_UART_IRQHandler                      0x080019f3   Thumb Code   244  stm32f4xx_hal_uart.o(i.HAL_UART_IRQHandler)
    HAL_UART_Init                            0x08001ae7   Thumb Code    94  stm32f4xx_hal_uart.o(i.HAL_UART_Init)
    HAL_UART_MspInit                         0x08001b45   Thumb Code   134  usart.o(i.HAL_UART_MspInit)
    HAL_UART_Receive                         0x08001bd9   Thumb Code   202  stm32f4xx_hal_uart.o(i.HAL_UART_Receive)
    HAL_UART_RxCpltCallback                  0x08001ca3   Thumb Code     2  stm32f4xx_hal_uart.o(i.HAL_UART_RxCpltCallback)
    HAL_UART_TxCpltCallback                  0x08001ca5   Thumb Code     2  stm32f4xx_hal_uart.o(i.HAL_UART_TxCpltCallback)
    HardFault_Handler                        0x08001ca7   Thumb Code     2  stm32f4xx_it.o(i.HardFault_Handler)
    KEY_Init                                 0x08001ca9   Thumb Code   110  key.o(i.KEY_Init)
    KEY_Scan                                 0x08001d29   Thumb Code   200  key.o(i.KEY_Scan)
    LCD_Clear                                0x08001e01   Thumb Code    58  lcd.o(i.LCD_Clear)
    LCD_Display_Dir                          0x08001e49   Thumb Code   234  lcd.o(i.LCD_Display_Dir)
    LCD_DrawLine                             0x08001f3d   Thumb Code   150  lcd.o(i.LCD_DrawLine)
    LCD_DrawPoint                            0x08001fd5   Thumb Code    36  lcd.o(i.LCD_DrawPoint)
    LCD_DrawRectangle                        0x08002005   Thumb Code    58  lcd.o(i.LCD_DrawRectangle)
    LCD_Fast_DrawPoint                       0x08002041   Thumb Code   236  lcd.o(i.LCD_Fast_DrawPoint)
    LCD_Init                                 0x08002139   Thumb Code  9094  lcd.o(i.LCD_Init)
    LCD_RD_DATA                              0x080044c5   Thumb Code    16  lcd.o(i.LCD_RD_DATA)
    LCD_SSD_BackLightSet                     0x080044d9   Thumb Code    72  lcd.o(i.LCD_SSD_BackLightSet)
    LCD_Scan_Dir                             0x08004529   Thumb Code   434  lcd.o(i.LCD_Scan_Dir)
    LCD_SetCursor                            0x080046e1   Thumb Code   254  lcd.o(i.LCD_SetCursor)
    LCD_ShowChar                             0x080047e5   Thumb Code   196  lcd.o(i.LCD_ShowChar)
    LCD_ShowString                           0x080048c1   Thumb Code    84  lcd.o(i.LCD_ShowString)
    LCD_WR_DATA                              0x08004915   Thumb Code    20  lcd.o(i.LCD_WR_DATA)
    LCD_WR_REG                               0x0800492d   Thumb Code    20  lcd.o(i.LCD_WR_REG)
    LCD_WriteRAM_Prepare                     0x08004945   Thumb Code    10  lcd.o(i.LCD_WriteRAM_Prepare)
    LCD_WriteReg                             0x08004959   Thumb Code    10  lcd.o(i.LCD_WriteReg)
    LED_Init                                 0x08004969   Thumb Code    68  led.o(i.LED_Init)
    LTDC_Clear                               0x080049b5   Thumb Code    28  ltdc.o(i.LTDC_Clear)
    LTDC_Clk_Set                             0x080049d5   Thumb Code    30  ltdc.o(i.LTDC_Clk_Set)
    LTDC_Display_Dir                         0x080049f5   Thumb Code    34  ltdc.o(i.LTDC_Display_Dir)
    LTDC_Draw_Point                          0x08004a1d   Thumb Code    52  ltdc.o(i.LTDC_Draw_Point)
    LTDC_Fill                                0x08004a59   Thumb Code   162  ltdc.o(i.LTDC_Fill)
    LTDC_Init                                0x08004b0d   Thumb Code   406  ltdc.o(i.LTDC_Init)
    LTDC_Layer_Parameter_Config              0x08004cbd   Thumb Code    86  ltdc.o(i.LTDC_Layer_Parameter_Config)
    LTDC_Layer_Window_Config                 0x08004d19   Thumb Code    32  ltdc.o(i.LTDC_Layer_Window_Config)
    LTDC_PanelID_Read                        0x08004d3d   Thumb Code   170  ltdc.o(i.LTDC_PanelID_Read)
    MemManage_Handler                        0x08004f57   Thumb Code     2  stm32f4xx_it.o(i.MemManage_Handler)
    NMI_Handler                              0x08004f59   Thumb Code     2  stm32f4xx_it.o(i.NMI_Handler)
    PendSV_Handler                           0x08004f7b   Thumb Code     2  stm32f4xx_it.o(i.PendSV_Handler)
    SDRAM_Init                               0x08004f7d   Thumb Code    86  sdram.o(i.SDRAM_Init)
    SDRAM_Initialization_Sequence            0x08004fdd   Thumb Code    74  sdram.o(i.SDRAM_Initialization_Sequence)
    SDRAM_Send_Cmd                           0x0800502d   Thumb Code    48  sdram.o(i.SDRAM_Send_Cmd)
    SVC_Handler                              0x08005061   Thumb Code     2  stm32f4xx_it.o(i.SVC_Handler)
    Stm32_Clock_Init                         0x08005065   Thumb Code   122  sys.o(i.Stm32_Clock_Init)
    SysTick_Handler                          0x080050e9   Thumb Code     4  stm32f4xx_it.o(i.SysTick_Handler)
    SystemInit                               0x080050ed   Thumb Code    66  system_stm32f4xx.o(i.SystemInit)
    USART1_IRQHandler                        0x08005455   Thumb Code   100  usart.o(i.USART1_IRQHandler)
    UsageFault_Handler                       0x080054c1   Thumb Code     2  stm32f4xx_it.o(i.UsageFault_Handler)
    _sys_exit                                0x080054c3   Thumb Code     2  usart.o(i._sys_exit)
    delay_init                               0x080054c5   Thumb Code    16  delay.o(i.delay_init)
    delay_ms                                 0x080054d9   Thumb Code    26  delay.o(i.delay_ms)
    delay_us                                 0x080054f5   Thumb Code    48  delay.o(i.delay_us)
    detected_key                             0x08005529   Thumb Code    82  main.o(i.detected_key)
    fputc                                    0x08005585   Thumb Code    14  usart.o(i.fputc)
    getRandon                                0x08005599   Thumb Code    38  main.o(i.getRandon)
    init_snake                               0x080055c1   Thumb Code    58  main.o(i.init_snake)
    is_ated_food                             0x08005605   Thumb Code    28  main.o(i.is_ated_food)
    is_hit_body                              0x08005629   Thumb Code    50  main.o(i.is_hit_body)
    is_hit_boundary                          0x08005661   Thumb Code    28  main.o(i.is_hit_boundary)
    main                                     0x08005681   Thumb Code   198  main.o(i.main)
    move                                     0x08005775   Thumb Code   130  main.o(i.move)
    paint_body                               0x08005801   Thumb Code    20  main.o(i.paint_body)
    paint_food                               0x08005815   Thumb Code    26  main.o(i.paint_food)
    paint_head                               0x08005835   Thumb Code    20  main.o(i.paint_head)
    paint_map                                0x08005849   Thumb Code    32  main.o(i.paint_map)
    paint_menu                               0x08005869   Thumb Code   116  main.o(i.paint_menu)
    refresh                                  0x080058f9   Thumb Code    66  main.o(i.refresh)
    uart_init                                0x08005941   Thumb Code    28  usart.o(i.uart_init)
    update_food                              0x08005965   Thumb Code    26  main.o(i.update_food)
    update_position                          0x08005985   Thumb Code    32  main.o(i.update_position)
    victory                                  0x080059a9   Thumb Code    72  main.o(i.victory)
    __aeabi_d2uiz                            0x08005a25   Thumb Code     0  dfixu.o(x$fpl$dfixu)
    _dfixu                                   0x08005a25   Thumb Code    90  dfixu.o(x$fpl$dfixu)
    __aeabi_ui2d                             0x08005a7f   Thumb Code     0  dflt_clz.o(x$fpl$dfltu)
    _dfltu                                   0x08005a7f   Thumb Code    38  dflt_clz.o(x$fpl$dfltu)
    __aeabi_dmul                             0x08005aa5   Thumb Code     0  dmul.o(x$fpl$dmul)
    _dmul                                    0x08005aa5   Thumb Code   332  dmul.o(x$fpl$dmul)
    __fpl_dnaninf                            0x08005bf9   Thumb Code   156  dnaninf.o(x$fpl$dnaninf)
    __fpl_dretinf                            0x08005c95   Thumb Code    12  dretinf.o(x$fpl$dretinf)
    _fp_init                                 0x08005ca1   Thumb Code    10  fpinit.o(x$fpl$fpinit)
    __fplib_config_fpu_vfp                   0x08005ca9   Thumb Code     0  fpinit.o(x$fpl$fpinit)
    __fplib_config_pureend_doubles           0x08005ca9   Thumb Code     0  fpinit.o(x$fpl$fpinit)
    APBAHBPrescTable                         0x08005caa   Data          16  stm32f4xx_hal_rcc.o(.constdata)
    __I$use$fp                               0x08005caa   Number         0  usenofp.o(x$fpl$usenofp)
    asc2_1206                                0x08005cba   Data        1140  lcd.o(.constdata)
    asc2_1608                                0x0800612e   Data        1520  lcd.o(.constdata)
    asc2_2412                                0x0800671e   Data        3420  lcd.o(.constdata)
    asc2_3216                                0x0800747a   Data       12160  lcd.o(.constdata)
    Region$$Table$$Base                      0x0800a424   Number         0  anon$$obj.o(Region$$Table)
    Region$$Table$$Limit                     0x0800a444   Number         0  anon$$obj.o(Region$$Table)
    key                                      0x20000000   Data           1  main.o(.data)
    game_over_flag                           0x20000004   Data           4  main.o(.data)
    score                                    0x20000008   Data           4  main.o(.data)
    food_x                                   0x2000000c   Data           4  main.o(.data)
    food_y                                   0x20000010   Data           4  main.o(.data)
    SystemCoreClock                          0x20000014   Data           4  system_stm32f4xx.o(.data)
    AHBPrescTable                            0x20000018   Data          16  system_stm32f4xx.o(.data)
    USART_RX_STA                             0x20000030   Data           2  usart.o(.data)
    __stdout                                 0x20000034   Data           4  usart.o(.data)
    POINT_COLOR                              0x2000003c   Data           4  lcd.o(.data)
    BACK_COLOR                               0x20000040   Data           4  lcd.o(.data)
    ltdc_framebuf                            0x20000044   Data           8  ltdc.o(.data)
    snake                                    0x2000004c   Data         408  main.o(.bss)
    USART_RX_BUF                             0x200001e4   Data         200  usart.o(.bss)
    UART1_Handler                            0x200002ac   Data          64  usart.o(.bss)
    SRAM_Handler                             0x200002ec   Data          80  lcd.o(.bss)
    lcddev                                   0x2000033c   Data          14  lcd.o(.bss)
    SDRAM_Handler                            0x2000034c   Data          52  sdram.o(.bss)
    LTDC_Handler                             0x20000380   Data         168  ltdc.o(.bss)
    lcdltdc                                  0x20000428   Data          32  ltdc.o(.bss)
    _random_number_data                      0x20000448   Data         228  rand.o(.bss)
    __libspace_start                         0x2000052c   Data          96  libspace.o(.bss)
    __temporary_stack_top$libspace           0x2000058c   Data           0  libspace.o(.bss)
    ltdc_lcd_framebuf                        0xc0000000   Data       2048000  ltdc.o(.ARM.__AT_0xC0000000)



==============================================================================

Memory Map of the image

  Image Entry point : 0x080001ad

  Load Region LR_IROM1 (Base: 0x08000000, Size: 0x0000a490, Max: 0x00100000, ABSOLUTE)

    Execution Region ER_IROM1 (Base: 0x08000000, Size: 0x0000a444, Max: 0x00100000, ABSOLUTE)

    Base Addr    Size         Type   Attr      Idx    E Section Name        Object

    0x08000000   0x000001ac   Data   RO          584    RESET               startup_stm32f429xx.o
    0x080001ac   0x00000008   Code   RO         4152  * !!!main             c_w.l(__main.o)
    0x080001b4   0x00000034   Code   RO         4339    !!!scatter          c_w.l(__scatter.o)
    0x080001e8   0x0000001a   Code   RO         4341    !!handler_copy      c_w.l(__scatter_copy.o)
    0x08000202   0x00000002   PAD
    0x08000204   0x0000001c   Code   RO         4343    !!handler_zi        c_w.l(__scatter_zi.o)
    0x08000220   0x00000000   Code   RO         4142    .ARM.Collect$$_printf_percent$$00000000  c_w.l(_printf_percent.o)
    0x08000220   0x00000006   Code   RO         4141    .ARM.Collect$$_printf_percent$$00000009  c_w.l(_printf_d.o)
    0x08000226   0x00000006   Code   RO         4140    .ARM.Collect$$_printf_percent$$0000000C  c_w.l(_printf_x.o)
    0x0800022c   0x00000004   Code   RO         4177    .ARM.Collect$$_printf_percent$$00000017  c_w.l(_printf_percent_end.o)
    0x08000230   0x00000002   Code   RO         4266    .ARM.Collect$$libinit$$00000000  c_w.l(libinit.o)
    0x08000232   0x00000004   Code   RO         4178    .ARM.Collect$$libinit$$00000001  c_w.l(libinit2.o)
    0x08000236   0x00000000   Code   RO         4181    .ARM.Collect$$libinit$$00000004  c_w.l(libinit2.o)
    0x08000236   0x00000000   Code   RO         4184    .ARM.Collect$$libinit$$0000000A  c_w.l(libinit2.o)
    0x08000236   0x00000000   Code   RO         4186    .ARM.Collect$$libinit$$0000000C  c_w.l(libinit2.o)
    0x08000236   0x00000004   Code   RO         4187    .ARM.Collect$$libinit$$0000000D  c_w.l(libinit2.o)
    0x0800023a   0x00000000   Code   RO         4188    .ARM.Collect$$libinit$$0000000E  c_w.l(libinit2.o)
    0x0800023a   0x00000000   Code   RO         4191    .ARM.Collect$$libinit$$00000011  c_w.l(libinit2.o)
    0x0800023a   0x00000000   Code   RO         4193    .ARM.Collect$$libinit$$00000013  c_w.l(libinit2.o)
    0x0800023a   0x00000000   Code   RO         4195    .ARM.Collect$$libinit$$00000015  c_w.l(libinit2.o)
    0x0800023a   0x00000000   Code   RO         4197    .ARM.Collect$$libinit$$00000017  c_w.l(libinit2.o)
    0x0800023a   0x00000000   Code   RO         4199    .ARM.Collect$$libinit$$00000019  c_w.l(libinit2.o)
    0x0800023a   0x00000000   Code   RO         4201    .ARM.Collect$$libinit$$0000001B  c_w.l(libinit2.o)
    0x0800023a   0x00000000   Code   RO         4203    .ARM.Collect$$libinit$$0000001D  c_w.l(libinit2.o)
    0x0800023a   0x00000000   Code   RO         4205    .ARM.Collect$$libinit$$0000001F  c_w.l(libinit2.o)
    0x0800023a   0x00000000   Code   RO         4207    .ARM.Collect$$libinit$$00000021  c_w.l(libinit2.o)
    0x0800023a   0x00000000   Code   RO         4209    .ARM.Collect$$libinit$$00000023  c_w.l(libinit2.o)
    0x0800023a   0x00000000   Code   RO         4211    .ARM.Collect$$libinit$$00000025  c_w.l(libinit2.o)
    0x0800023a   0x00000000   Code   RO         4215    .ARM.Collect$$libinit$$0000002C  c_w.l(libinit2.o)
    0x0800023a   0x00000000   Code   RO         4217    .ARM.Collect$$libinit$$0000002E  c_w.l(libinit2.o)
    0x0800023a   0x00000000   Code   RO         4219    .ARM.Collect$$libinit$$00000030  c_w.l(libinit2.o)
    0x0800023a   0x00000000   Code   RO         4221    .ARM.Collect$$libinit$$00000032  c_w.l(libinit2.o)
    0x0800023a   0x00000002   Code   RO         4222    .ARM.Collect$$libinit$$00000033  c_w.l(libinit2.o)
    0x0800023c   0x00000002   Code   RO         4300    .ARM.Collect$$libshutdown$$00000000  c_w.l(libshutdown.o)
    0x0800023e   0x00000000   Code   RO         4306    .ARM.Collect$$libshutdown$$00000002  c_w.l(libshutdown2.o)
    0x0800023e   0x00000000   Code   RO         4308    .ARM.Collect$$libshutdown$$00000004  c_w.l(libshutdown2.o)
    0x0800023e   0x00000000   Code   RO         4311    .ARM.Collect$$libshutdown$$00000007  c_w.l(libshutdown2.o)
    0x0800023e   0x00000000   Code   RO         4314    .ARM.Collect$$libshutdown$$0000000A  c_w.l(libshutdown2.o)
    0x0800023e   0x00000000   Code   RO         4316    .ARM.Collect$$libshutdown$$0000000C  c_w.l(libshutdown2.o)
    0x0800023e   0x00000000   Code   RO         4319    .ARM.Collect$$libshutdown$$0000000F  c_w.l(libshutdown2.o)
    0x0800023e   0x00000002   Code   RO         4320    .ARM.Collect$$libshutdown$$00000010  c_w.l(libshutdown2.o)
    0x08000240   0x00000000   Code   RO         4168    .ARM.Collect$$rtentry$$00000000  c_w.l(__rtentry.o)
    0x08000240   0x00000000   Code   RO         4229    .ARM.Collect$$rtentry$$00000002  c_w.l(__rtentry2.o)
    0x08000240   0x00000006   Code   RO         4241    .ARM.Collect$$rtentry$$00000004  c_w.l(__rtentry4.o)
    0x08000246   0x00000000   Code   RO         4231    .ARM.Collect$$rtentry$$00000009  c_w.l(__rtentry2.o)
    0x08000246   0x00000004   Code   RO         4232    .ARM.Collect$$rtentry$$0000000A  c_w.l(__rtentry2.o)
    0x0800024a   0x00000000   Code   RO         4234    .ARM.Collect$$rtentry$$0000000C  c_w.l(__rtentry2.o)
    0x0800024a   0x00000008   Code   RO         4235    .ARM.Collect$$rtentry$$0000000D  c_w.l(__rtentry2.o)
    0x08000252   0x00000002   Code   RO         4272    .ARM.Collect$$rtexit$$00000000  c_w.l(rtexit.o)
    0x08000254   0x00000000   Code   RO         4282    .ARM.Collect$$rtexit$$00000002  c_w.l(rtexit2.o)
    0x08000254   0x00000004   Code   RO         4283    .ARM.Collect$$rtexit$$00000003  c_w.l(rtexit2.o)
    0x08000258   0x00000006   Code   RO         4284    .ARM.Collect$$rtexit$$00000004  c_w.l(rtexit2.o)
    0x0800025e   0x00000002   PAD
    0x08000260   0x00000034   Code   RO         4143    .emb_text           c_w.l(rand.o)
    0x08000294   0x00000040   Code   RO          585    .text               startup_stm32f429xx.o
    0x080002d4   0x00000002   Code   RO         4085    .text               c_w.l(use_no_semi_2.o)
    0x080002d6   0x00000002   PAD
    0x080002d8   0x00000018   Code   RO         4091    .text               c_w.l(noretval__2printf.o)
    0x080002f0   0x00000028   Code   RO         4093    .text               c_w.l(noretval__2sprintf.o)
    0x08000318   0x00000068   Code   RO         4095    .text               c_w.l(__printf.o)
    0x08000380   0x00000078   Code   RO         4097    .text               c_w.l(_printf_dec.o)
    0x080003f8   0x00000058   Code   RO         4102    .text               c_w.l(_printf_hex_int.o)
    0x08000450   0x0000003c   Code   RO         4144    .text               c_w.l(rand.o)
    0x0800048c   0x00000064   Code   RO         4148    .text               c_w.l(rt_memcpy_w.o)
    0x080004f0   0x00000006   Code   RO         4150    .text               c_w.l(heapauxi.o)
    0x080004f6   0x00000002   Code   RO         4166    .text               c_w.l(use_no_semi.o)
    0x080004f8   0x000000b2   Code   RO         4169    .text               c_w.l(_printf_intcommon.o)
    0x080005aa   0x00000002   PAD
    0x080005ac   0x00000030   Code   RO         4171    .text               c_w.l(_printf_char_common.o)
    0x080005dc   0x0000000a   Code   RO         4173    .text               c_w.l(_sputc.o)
    0x080005e6   0x00000002   PAD
    0x080005e8   0x00000024   Code   RO         4175    .text               c_w.l(_printf_char_file.o)
    0x0800060c   0x00000008   Code   RO         4245    .text               c_w.l(ferror.o)
    0x08000614   0x0000004a   Code   RO         4253    .text               c_w.l(sys_stackheap_outer.o)
    0x0800065e   0x00000012   Code   RO         4255    .text               c_w.l(exit.o)
    0x08000670   0x00000008   Code   RO         4269    .text               c_w.l(libspace.o)
    0x08000678   0x00000002   Code   RO          371    i.BusFault_Handler  stm32f4xx_it.o
    0x0800067a   0x00000002   Code   RO          372    i.DebugMon_Handler  stm32f4xx_it.o
    0x0800067c   0x00000040   Code   RO         2729    i.FMC_NORSRAM_Extended_Timing_Init  stm32f4xx_ll_fmc.o
    0x080006bc   0x00000078   Code   RO         2730    i.FMC_NORSRAM_Init  stm32f4xx_ll_fmc.o
    0x08000734   0x0000005c   Code   RO         2731    i.FMC_NORSRAM_Timing_Init  stm32f4xx_ll_fmc.o
    0x08000790   0x0000004c   Code   RO         2741    i.FMC_SDRAM_Init    stm32f4xx_ll_fmc.o
    0x080007dc   0x0000000c   Code   RO         2742    i.FMC_SDRAM_ProgramRefreshRate  stm32f4xx_ll_fmc.o
    0x080007e8   0x00000048   Code   RO         2743    i.FMC_SDRAM_SendCommand  stm32f4xx_ll_fmc.o
    0x08000830   0x0000007c   Code   RO         2745    i.FMC_SDRAM_Timing_Init  stm32f4xx_ll_fmc.o
    0x080008ac   0x000001dc   Code   RO          876    i.HAL_GPIO_Init     stm32f4xx_hal_gpio.o
    0x08000a88   0x0000000a   Code   RO          878    i.HAL_GPIO_ReadPin  stm32f4xx_hal_gpio.o
    0x08000a92   0x0000000a   Code   RO          880    i.HAL_GPIO_WritePin  stm32f4xx_hal_gpio.o
    0x08000a9c   0x0000000c   Code   RO          607    i.HAL_GetTick       stm32f4xx_hal.o
    0x08000aa8   0x00000010   Code   RO          608    i.HAL_IncTick       stm32f4xx_hal.o
    0x08000ab8   0x00000022   Code   RO          610    i.HAL_InitTick      stm32f4xx_hal.o
    0x08000ada   0x00000052   Code   RO         3179    i.HAL_LTDC_ConfigLayer  stm32f4xx_hal_ltdc.o
    0x08000b2c   0x000000fc   Code   RO         3191    i.HAL_LTDC_Init     stm32f4xx_hal_ltdc.o
    0x08000c28   0x000000f4   Code   RO         3972    i.HAL_LTDC_MspInit  ltdc.o
    0x08000d1c   0x00000054   Code   RO         3200    i.HAL_LTDC_SetWindowPosition  stm32f4xx_hal_ltdc.o
    0x08000d70   0x00000054   Code   RO         3201    i.HAL_LTDC_SetWindowSize  stm32f4xx_hal_ltdc.o
    0x08000dc4   0x00000016   Code   RO          753    i.HAL_NVIC_EnableIRQ  stm32f4xx_hal_cortex.o
    0x08000dda   0x00000002   PAD
    0x08000ddc   0x00000040   Code   RO          759    i.HAL_NVIC_SetPriority  stm32f4xx_hal_cortex.o
    0x08000e1c   0x00000088   Code   RO         1065    i.HAL_PWREx_EnableOverDrive  stm32f4xx_hal_pwr_ex.o
    0x08000ea4   0x000002a8   Code   RO         1237    i.HAL_RCCEx_PeriphCLKConfig  stm32f4xx_hal_rcc_ex.o
    0x0800114c   0x00000208   Code   RO         1132    i.HAL_RCC_ClockConfig  stm32f4xx_hal_rcc.o
    0x08001354   0x00000034   Code   RO         1137    i.HAL_RCC_GetHCLKFreq  stm32f4xx_hal_rcc.o
    0x08001388   0x0000002c   Code   RO         1139    i.HAL_RCC_GetPCLK1Freq  stm32f4xx_hal_rcc.o
    0x080013b4   0x0000002c   Code   RO         1140    i.HAL_RCC_GetPCLK2Freq  stm32f4xx_hal_rcc.o
    0x080013e0   0x00000074   Code   RO         1141    i.HAL_RCC_GetSysClockFreq  stm32f4xx_hal_rcc.o
    0x08001454   0x0000031c   Code   RO         1144    i.HAL_RCC_OscConfig  stm32f4xx_hal_rcc.o
    0x08001770   0x00000042   Code   RO         3027    i.HAL_SDRAM_Init    stm32f4xx_hal_sdram.o
    0x080017b2   0x00000002   PAD
    0x080017b4   0x000000dc   Code   RO         3914    i.HAL_SDRAM_MspInit  sdram.o
    0x08001890   0x00000022   Code   RO         3030    i.HAL_SDRAM_ProgramRefreshRate  stm32f4xx_hal_sdram.o
    0x080018b2   0x0000002e   Code   RO         3036    i.HAL_SDRAM_SendCommand  stm32f4xx_hal_sdram.o
    0x080018e0   0x00000056   Code   RO         2905    i.HAL_SRAM_Init     stm32f4xx_hal_sram.o
    0x08001936   0x00000002   PAD
    0x08001938   0x00000078   Code   RO         3693    i.HAL_SRAM_MspInit  lcd.o
    0x080019b0   0x00000018   Code   RO          762    i.HAL_SYSTICK_CLKSourceConfig  stm32f4xx_hal_cortex.o
    0x080019c8   0x00000028   Code   RO          764    i.HAL_SYSTICK_Config  stm32f4xx_hal_cortex.o
    0x080019f0   0x00000002   Code   RO         1284    i.HAL_UART_ErrorCallback  stm32f4xx_hal_uart.o
    0x080019f2   0x000000f4   Code   RO         1287    i.HAL_UART_IRQHandler  stm32f4xx_hal_uart.o
    0x08001ae6   0x0000005e   Code   RO         1288    i.HAL_UART_Init     stm32f4xx_hal_uart.o
    0x08001b44   0x00000094   Code   RO         3577    i.HAL_UART_MspInit  usart.o
    0x08001bd8   0x000000ca   Code   RO         1291    i.HAL_UART_Receive  stm32f4xx_hal_uart.o
    0x08001ca2   0x00000002   Code   RO         1294    i.HAL_UART_RxCpltCallback  stm32f4xx_hal_uart.o
    0x08001ca4   0x00000002   Code   RO         1299    i.HAL_UART_TxCpltCallback  stm32f4xx_hal_uart.o
    0x08001ca6   0x00000002   Code   RO          373    i.HardFault_Handler  stm32f4xx_it.o
    0x08001ca8   0x00000080   Code   RO         3662    i.KEY_Init          key.o
    0x08001d28   0x000000d8   Code   RO         3663    i.KEY_Scan          key.o
    0x08001e00   0x00000048   Code   RO         3695    i.LCD_Clear         lcd.o
    0x08001e48   0x000000f4   Code   RO         3699    i.LCD_Display_Dir   lcd.o
    0x08001f3c   0x00000096   Code   RO         3700    i.LCD_DrawLine      lcd.o
    0x08001fd2   0x00000002   PAD
    0x08001fd4   0x00000030   Code   RO         3701    i.LCD_DrawPoint     lcd.o
    0x08002004   0x0000003a   Code   RO         3702    i.LCD_DrawRectangle  lcd.o
    0x0800203e   0x00000002   PAD
    0x08002040   0x000000f8   Code   RO         3704    i.LCD_Fast_DrawPoint  lcd.o
    0x08002138   0x0000238c   Code   RO         3706    i.LCD_Init          lcd.o
    0x080044c4   0x00000014   Code   RO         3708    i.LCD_RD_DATA       lcd.o
    0x080044d8   0x00000050   Code   RO         3711    i.LCD_SSD_BackLightSet  lcd.o
    0x08004528   0x000001b8   Code   RO         3712    i.LCD_Scan_Dir      lcd.o
    0x080046e0   0x00000104   Code   RO         3713    i.LCD_SetCursor     lcd.o
    0x080047e4   0x000000dc   Code   RO         3715    i.LCD_ShowChar      lcd.o
    0x080048c0   0x00000054   Code   RO         3717    i.LCD_ShowString    lcd.o
    0x08004914   0x00000018   Code   RO         3719    i.LCD_WR_DATA       lcd.o
    0x0800492c   0x00000018   Code   RO         3720    i.LCD_WR_REG        lcd.o
    0x08004944   0x00000014   Code   RO         3722    i.LCD_WriteRAM_Prepare  lcd.o
    0x08004958   0x00000010   Code   RO         3723    i.LCD_WriteReg      lcd.o
    0x08004968   0x0000004c   Code   RO         3638    i.LED_Init          led.o
    0x080049b4   0x00000020   Code   RO         3973    i.LTDC_Clear        ltdc.o
    0x080049d4   0x0000001e   Code   RO         3974    i.LTDC_Clk_Set      ltdc.o
    0x080049f2   0x00000002   PAD
    0x080049f4   0x00000028   Code   RO         3976    i.LTDC_Display_Dir  ltdc.o
    0x08004a1c   0x0000003c   Code   RO         3977    i.LTDC_Draw_Point   ltdc.o
    0x08004a58   0x000000b4   Code   RO         3978    i.LTDC_Fill         ltdc.o
    0x08004b0c   0x000001b0   Code   RO         3979    i.LTDC_Init         ltdc.o
    0x08004cbc   0x0000005c   Code   RO         3980    i.LTDC_Layer_Parameter_Config  ltdc.o
    0x08004d18   0x00000024   Code   RO         3982    i.LTDC_Layer_Window_Config  ltdc.o
    0x08004d3c   0x000000b8   Code   RO         3983    i.LTDC_PanelID_Read  ltdc.o
    0x08004df4   0x00000162   Code   RO         3202    i.LTDC_SetConfig    stm32f4xx_hal_ltdc.o
    0x08004f56   0x00000002   Code   RO          374    i.MemManage_Handler  stm32f4xx_it.o
    0x08004f58   0x00000002   Code   RO          375    i.NMI_Handler       stm32f4xx_it.o
    0x08004f5a   0x00000020   Code   RO          766    i.NVIC_SetPriority  stm32f4xx_hal_cortex.o
    0x08004f7a   0x00000002   Code   RO          376    i.PendSV_Handler    stm32f4xx_it.o
    0x08004f7c   0x00000060   Code   RO         3915    i.SDRAM_Init        sdram.o
    0x08004fdc   0x00000050   Code   RO         3916    i.SDRAM_Initialization_Sequence  sdram.o
    0x0800502c   0x00000034   Code   RO         3917    i.SDRAM_Send_Cmd    sdram.o
    0x08005060   0x00000002   Code   RO          377    i.SVC_Handler       stm32f4xx_it.o
    0x08005062   0x00000002   PAD
    0x08005064   0x00000084   Code   RO         3550    i.Stm32_Clock_Init  sys.o
    0x080050e8   0x00000004   Code   RO          378    i.SysTick_Handler   stm32f4xx_it.o
    0x080050ec   0x00000054   Code   RO          450    i.SystemInit        system_stm32f4xx.o
    0x08005140   0x000000a6   Code   RO         1306    i.UART_Receive_IT   stm32f4xx_hal_uart.o
    0x080051e6   0x00000002   PAD
    0x080051e8   0x00000174   Code   RO         1307    i.UART_SetConfig    stm32f4xx_hal_uart.o
    0x0800535c   0x00000066   Code   RO         1308    i.UART_Transmit_IT  stm32f4xx_hal_uart.o
    0x080053c2   0x00000092   Code   RO         1309    i.UART_WaitOnFlagUntilTimeout  stm32f4xx_hal_uart.o
    0x08005454   0x0000006c   Code   RO         3578    i.USART1_IRQHandler  usart.o
    0x080054c0   0x00000002   Code   RO          379    i.UsageFault_Handler  stm32f4xx_it.o
    0x080054c2   0x00000002   Code   RO         3579    i._sys_exit         usart.o
    0x080054c4   0x00000014   Code   RO         3511    i.delay_init        delay.o
    0x080054d8   0x0000001a   Code   RO         3512    i.delay_ms          delay.o
    0x080054f2   0x00000002   PAD
    0x080054f4   0x00000034   Code   RO         3513    i.delay_us          delay.o
    0x08005528   0x0000005c   Code   RO            4    i.detected_key      main.o
    0x08005584   0x00000014   Code   RO         3580    i.fputc             usart.o
    0x08005598   0x00000026   Code   RO            5    i.getRandon         main.o
    0x080055be   0x00000002   PAD
    0x080055c0   0x00000044   Code   RO            6    i.init_snake        main.o
    0x08005604   0x00000024   Code   RO            7    i.is_ated_food      main.o
    0x08005628   0x00000038   Code   RO            8    i.is_hit_body       main.o
    0x08005660   0x00000020   Code   RO            9    i.is_hit_boundary   main.o
    0x08005680   0x000000f4   Code   RO           10    i.main              main.o
    0x08005774   0x0000008c   Code   RO           11    i.move              main.o
    0x08005800   0x00000014   Code   RO           12    i.paint_body        main.o
    0x08005814   0x00000020   Code   RO           13    i.paint_food        main.o
    0x08005834   0x00000014   Code   RO           14    i.paint_head        main.o
    0x08005848   0x00000020   Code   RO           15    i.paint_map         main.o
    0x08005868   0x00000090   Code   RO           16    i.paint_menu        main.o
    0x080058f8   0x00000048   Code   RO           17    i.refresh           main.o
    0x08005940   0x00000024   Code   RO         3581    i.uart_init         usart.o
    0x08005964   0x00000020   Code   RO           18    i.update_food       main.o
    0x08005984   0x00000024   Code   RO           19    i.update_position   main.o
    0x080059a8   0x0000007c   Code   RO           20    i.victory           main.o
    0x08005a24   0x0000005a   Code   RO         4154    x$fpl$dfixu         fz_wm.l(dfixu.o)
    0x08005a7e   0x00000026   Code   RO         4158    x$fpl$dfltu         fz_wm.l(dflt_clz.o)
    0x08005aa4   0x00000154   Code   RO         4164    x$fpl$dmul          fz_wm.l(dmul.o)
    0x08005bf8   0x0000009c   Code   RO         4223    x$fpl$dnaninf       fz_wm.l(dnaninf.o)
    0x08005c94   0x0000000c   Code   RO         4225    x$fpl$dretinf       fz_wm.l(dretinf.o)
    0x08005ca0   0x0000000a   Code   RO         4251    x$fpl$fpinit        fz_wm.l(fpinit.o)
    0x08005caa   0x00000000   Code   RO         4227    x$fpl$usenofp       fz_wm.l(usenofp.o)
    0x08005caa   0x00000010   Data   RO         1145    .constdata          stm32f4xx_hal_rcc.o
    0x08005cba   0x00004740   Data   RO         3726    .constdata          lcd.o
    0x0800a3fa   0x00000028   Data   RO         4103    .constdata          c_w.l(_printf_hex_int.o)
    0x0800a422   0x00000002   PAD
    0x0800a424   0x00000020   Data   RO         4337    Region$$Table       anon$$obj.o


    Execution Region RW_IRAM1 (Base: 0x20000000, Size: 0x00000b90, Max: 0x00030000, ABSOLUTE)

    Base Addr    Size         Type   Attr      Idx    E Section Name        Object

    0x20000000   0x00000014   Data   RW           22    .data               main.o
    0x20000014   0x00000014   Data   RW          451    .data               system_stm32f4xx.o
    0x20000028   0x00000004   Data   RW          615    .data               stm32f4xx_hal.o
    0x2000002c   0x00000004   Data   RW         3514    .data               delay.o
    0x20000030   0x00000002   Data   RW         3583    .data               usart.o
    0x20000032   0x00000002   PAD
    0x20000034   0x00000004   Data   RW         3584    .data               usart.o
    0x20000038   0x00000001   Data   RW         3664    .data               key.o
    0x20000039   0x00000003   PAD
    0x2000003c   0x00000008   Data   RW         3727    .data               lcd.o
    0x20000044   0x00000008   Data   RW         3990    .data               ltdc.o
    0x2000004c   0x00000198   Zero   RW           21    .bss                main.o
    0x200001e4   0x00000108   Zero   RW         3582    .bss                usart.o
    0x200002ec   0x0000005e   Zero   RW         3725    .bss                lcd.o
    0x2000034a   0x00000002   PAD
    0x2000034c   0x00000034   Zero   RW         3918    .bss                sdram.o
    0x20000380   0x000000c8   Zero   RW         3988    .bss                ltdc.o
    0x20000448   0x000000e4   Zero   RW         4145    .bss                c_w.l(rand.o)
    0x2000052c   0x00000060   Zero   RW         4270    .bss                c_w.l(libspace.o)
    0x2000058c   0x00000004   PAD
    0x20000590   0x00000200   Zero   RW          583    HEAP                startup_stm32f429xx.o
    0x20000790   0x00000400   Zero   RW          582    STACK               startup_stm32f429xx.o



  Load Region LR$$.ARM.__AT_0xC0000000 (Base: 0xc0000000, Size: 0x00000000, Max: 0x001f4000, ABSOLUTE)

    Execution Region ER$$.ARM.__AT_0xC0000000 (Base: 0xc0000000, Size: 0x001f4000, Max: 0x001f4000, ABSOLUTE, UNINIT)

    Base Addr    Size         Type   Attr      Idx    E Section Name        Object

    0xc0000000   0x001f4000   Zero   RW         3987    .ARM.__AT_0xC0000000  ltdc.o


==============================================================================

Image component sizes


      Code (inc. data)   RO Data    RW Data    ZI Data      Debug   Object Name

        98          8          0          4          0       2075   delay.o
       344         34          0          1          0       1890   key.o
     11228        188      18240          8         94      21752   lcd.o
        76          8          0          0          0        947   led.o
      1330        112          0          8    2048200       9828   ltdc.o
      1218        196          0         20        408     417156   main.o
       448         46          0          0         52       3654   sdram.o
        64         26        428          0       1536        856   startup_stm32f429xx.o
        62         12          0          4          0       3219   stm32f4xx_hal.o
       182          4          0          0          0      30426   stm32f4xx_hal_cortex.o
       496         54          0          0          0       3471   stm32f4xx_hal_gpio.o
       856          4          0          0          0       4989   stm32f4xx_hal_ltdc.o
       136         14          0          0          0       1384   stm32f4xx_hal_pwr_ex.o
      1572         72         16          0          0       6683   stm32f4xx_hal_rcc.o
       680         36          0          0          0       1756   stm32f4xx_hal_rcc_ex.o
       146          0          0          0          0       2888   stm32f4xx_hal_sdram.o
        86          0          0          0          0       1300   stm32f4xx_hal_sram.o
      1332          8          0          0          0       9118   stm32f4xx_hal_uart.o
        20          0          0          0          0       4358   stm32f4xx_it.o
       560         20          0          0          0       6304   stm32f4xx_ll_fmc.o
       132         10          0          0          0       1223   sys.o
        84         18          0         20          0       1157   system_stm32f4xx.o
       314         36          0          6        264       5091   usart.o

    ----------------------------------------------------------------------
     21484        906      18716         76    2050556     541525   Object Totals
         0          0         32          0          0          0   (incl. Generated)
        20          0          0          5          2          0   (incl. Padding)

    ----------------------------------------------------------------------

      Code (inc. data)   RO Data    RW Data    ZI Data      Debug   Library Member Name

         8          0          0          0          0         68   __main.o
       104          0          0          0          0         84   __printf.o
         0          0          0          0          0          0   __rtentry.o
        12          0          0          0          0          0   __rtentry2.o
         6          0          0          0          0          0   __rtentry4.o
        52          8          0          0          0          0   __scatter.o
        26          0          0          0          0          0   __scatter_copy.o
        28          0          0          0          0          0   __scatter_zi.o
        48          6          0          0          0         96   _printf_char_common.o
        36          4          0          0          0         80   _printf_char_file.o
         6          0          0          0          0          0   _printf_d.o
       120         16          0          0          0         92   _printf_dec.o
        88          4         40          0          0         88   _printf_hex_int.o
       178          0          0          0          0         88   _printf_intcommon.o
         0          0          0          0          0          0   _printf_percent.o
         4          0          0          0          0          0   _printf_percent_end.o
         6          0          0          0          0          0   _printf_x.o
        10          0          0          0          0         68   _sputc.o
        18          0          0          0          0         80   exit.o
         8          0          0          0          0         68   ferror.o
         6          0          0          0          0        152   heapauxi.o
         2          0          0          0          0          0   libinit.o
        10          0          0          0          0          0   libinit2.o
         2          0          0          0          0          0   libshutdown.o
         2          0          0          0          0          0   libshutdown2.o
         8          4          0          0         96         68   libspace.o
        24          4          0          0          0         84   noretval__2printf.o
        40          6          0          0          0         84   noretval__2sprintf.o
       112         18          0          0        228        160   rand.o
       100          0          0          0          0         80   rt_memcpy_w.o
         2          0          0          0          0          0   rtexit.o
        10          0          0          0          0          0   rtexit2.o
        74          0          0          0          0         80   sys_stackheap_outer.o
         2          0          0          0          0         68   use_no_semi.o
         2          0          0          0          0         68   use_no_semi_2.o
        90          4          0          0          0        140   dfixu.o
        38          0          0          0          0        116   dflt_clz.o
       340         12          0          0          0        152   dmul.o
       156          4          0          0          0        140   dnaninf.o
        12          0          0          0          0        116   dretinf.o
        10          0          0          0          0        116   fpinit.o
         0          0          0          0          0          0   usenofp.o

    ----------------------------------------------------------------------
      1810         90         42          0        328       2436   Library Totals
        10          0          2          0          4          0   (incl. Padding)

    ----------------------------------------------------------------------

      Code (inc. data)   RO Data    RW Data    ZI Data      Debug   Library Name

      1154         70         40          0        324       1656   c_w.l
       646         20          0          0          0        780   fz_wm.l

    ----------------------------------------------------------------------
      1810         90         42          0        328       2436   Library Totals

    ----------------------------------------------------------------------

==============================================================================


      Code (inc. data)   RO Data    RW Data    ZI Data      Debug   

     23294        996      18758         76    2050884     531929   Grand Totals
     23294        996      18758         76    2050884     531929   ELF Image Totals
     23294        996      18758         76          0          0   ROM Totals

==============================================================================

    Total RO  Size (Code + RO Data)                42052 (  41.07kB)
    Total RW  Size (RW Data + ZI Data)           2050960 (2002.89kB)
    Total ROM Size (Code + RO Data + RW Data)      42128 (  41.14kB)

==============================================================================

