<html>
<body>
<pre>
<h1>礦ision Build Log</h1>
<h2>Tool Versions:</h2>
IDE-Version: 礦ision V5.20.0.0
Copyright (C) 2016 ARM Ltd and ARM Germany GmbH. All rights reserved.
License Information: Xinyuan Peng, hnasu, LIC=Z3C01-CEUZ4-MRXXP-MJ7DQ-IKFDD-LTBKA
 
Tool Versions:
Toolchain:       MDK-ARM Professional  Version: 5.20
Toolchain Path:  C:\Keil_v5\ARM\ARMCC\Bin
C Compiler:      Armcc.exe V5.06 update 2 (build 183)
Assembler:       Armasm.exe V5.06 update 2 (build 183)
Linker/Locator:  ArmLink.exe V5.06 update 2 (build 183)
Library Manager: ArmAr.exe V5.06 update 2 (build 183)
Hex Converter:   FromElf.exe V5.06 update 2 (build 183)
CPU DLL:         SARMCM3.DLL V5.20
Dialog DLL:      DCM.DLL V1.13.7.0
Target DLL:      STLink\ST-LINKIII-KEIL_SWO.dll V2.0.18.0
Dialog DLL:      TCM.DLL V1.14.9.0
 
<h2>Project:</h2>
C:\MicroController\2，标准例程-HAL库版本\实验14 LTDC LCD（RGB屏）实验\USER\ LTDC LCD.uvprojx
Project File Date:  03/18/2023

<h2>Output:</h2>
*** Using Compiler 'V5.06 update 2 (build 183)', folder: 'C:\Keil_v5\ARM\ARMCC\Bin'
Build target ' LTDC LCD'
compiling main.c...
main.c(192): warning:  #167-D: argument of type "char *" is incompatible with parameter of type "u8 *"
  	LCD_ShowString(80,320,50,16,16,l);
main.c(194): warning:  #167-D: argument of type "char *" is incompatible with parameter of type "u8 *"
  	LCD_ShowString(80,360,50,16,16,s);
main.c(282): warning:  #1-D: last line of file ends without a newline
  }
main.c: 3 warnings, 0 errors
linking...
Program Size: Code=23294 RO-data=18758 RW-data=76 ZI-data=2050884  
FromELF: creating hex file...
"..\OBJ\LTDC LCD.axf" - 0 Error(s), 3 Warning(s).

<h2>Collection of Component include folders:</h2>
  C:\MicroController\2，标准例程-HAL库版本\实验14 LTDC LCD（RGB屏）实验\USER\RTE
  C:\Keil_v5\ARM\PACK\Keil\STM32F4xx_DFP\2.8.0\Drivers\CMSIS\Device\ST\STM32F4xx\Include

<h2>Collection of Component Files used:</h2>
Build Time Elapsed:  00:00:02
</pre>
</body>
</html>
